Archive member included to satisfy reference by file (symbol)

f:/advanced_embedded/01- imt sdk/imt_sdk_win_64/imt_sdk_win_64/winarm/armgcc/bin/../lib/gcc/arm-none-eabi/7.2.1/thumb/v7e-m\libgcc.a(_arm_addsubdf3.o)
                              ./src/main.o (__aeabi_dadd)
f:/advanced_embedded/01- imt sdk/imt_sdk_win_64/imt_sdk_win_64/winarm/armgcc/bin/../lib/gcc/arm-none-eabi/7.2.1/thumb/v7e-m\libgcc.a(_arm_muldivdf3.o)
                              ./src/MCAL/SYSTICK/SYSTICK.o (__aeabi_dmul)
f:/advanced_embedded/01- imt sdk/imt_sdk_win_64/imt_sdk_win_64/winarm/armgcc/bin/../lib/gcc/arm-none-eabi/7.2.1/thumb/v7e-m\libgcc.a(_arm_cmpdf2.o)
                              ./src/main.o (__aeabi_dcmplt)
f:/advanced_embedded/01- imt sdk/imt_sdk_win_64/imt_sdk_win_64/winarm/armgcc/bin/../lib/gcc/arm-none-eabi/7.2.1/thumb/v7e-m\libgcc.a(_arm_fixunsdfsi.o)
                              ./src/MCAL/SYSTICK/SYSTICK.o (__aeabi_d2uiz)
f:/advanced_embedded/01- imt sdk/imt_sdk_win_64/imt_sdk_win_64/winarm/armgcc/bin/../lib/gcc/arm-none-eabi/7.2.1/thumb/v7e-m\libgcc.a(_arm_truncdfsf2.o)
                              ./src/HAL/LM35/LM35.o (__aeabi_d2f)
f:/advanced_embedded/01- imt sdk/imt_sdk_win_64/imt_sdk_win_64/winarm/armgcc/bin/../lib/gcc/arm-none-eabi/7.2.1/thumb/v7e-m\libgcc.a(_arm_addsubsf3.o)
                              ./src/main.o (__aeabi_fadd)
f:/advanced_embedded/01- imt sdk/imt_sdk_win_64/imt_sdk_win_64/winarm/armgcc/bin/../lib/gcc/arm-none-eabi/7.2.1/thumb/v7e-m\libgcc.a(_arm_muldivsf3.o)
                              ./src/HAL/LM35/LM35.o (__aeabi_fmul)
f:/advanced_embedded/01- imt sdk/imt_sdk_win_64/imt_sdk_win_64/winarm/armgcc/bin/../lib/gcc/arm-none-eabi/7.2.1/thumb/v7e-m\libgcc.a(_arm_cmpsf2.o)
                              ./src/HAL/LCD/LCD.o (__aeabi_fcmplt)
f:/advanced_embedded/01- imt sdk/imt_sdk_win_64/imt_sdk_win_64/winarm/armgcc/bin/../lib/gcc/arm-none-eabi/7.2.1/thumb/v7e-m\libgcc.a(_arm_fixsfsi.o)
                              ./src/HAL/LCD/LCD.o (__aeabi_f2iz)
f:/advanced_embedded/01- imt sdk/imt_sdk_win_64/imt_sdk_win_64/winarm/armgcc/bin/../lib/gcc/arm-none-eabi/7.2.1/thumb/v7e-m\libgcc.a(_arm_fixunssfsi.o)
                              ./src/main.o (__aeabi_f2uiz)
f:/advanced_embedded/01- imt sdk/imt_sdk_win_64/imt_sdk_win_64/winarm/armgcc/bin/../lib/gcc/arm-none-eabi/7.2.1/../../../../arm-none-eabi/lib/thumb/v7e-m\libg_nano.a(lib_a-errno.o)
                              ./system/src/newlib/_sbrk.o (__errno)
f:/advanced_embedded/01- imt sdk/imt_sdk_win_64/imt_sdk_win_64/winarm/armgcc/bin/../lib/gcc/arm-none-eabi/7.2.1/../../../../arm-none-eabi/lib/thumb/v7e-m\libg_nano.a(lib_a-impure.o)
                              f:/advanced_embedded/01- imt sdk/imt_sdk_win_64/imt_sdk_win_64/winarm/armgcc/bin/../lib/gcc/arm-none-eabi/7.2.1/../../../../arm-none-eabi/lib/thumb/v7e-m\libg_nano.a(lib_a-errno.o) (_impure_ptr)
f:/advanced_embedded/01- imt sdk/imt_sdk_win_64/imt_sdk_win_64/winarm/armgcc/bin/../lib/gcc/arm-none-eabi/7.2.1/../../../../arm-none-eabi/lib/thumb/v7e-m\libg_nano.a(lib_a-printf.o)
                              ./src/MCAL/RCC/RCC.o (printf)
f:/advanced_embedded/01- imt sdk/imt_sdk_win_64/imt_sdk_win_64/winarm/armgcc/bin/../lib/gcc/arm-none-eabi/7.2.1/../../../../arm-none-eabi/lib/thumb/v7e-m\libg_nano.a(lib_a-strlen.o)
                              ./system/src/diag/Trace.o (strlen)
f:/advanced_embedded/01- imt sdk/imt_sdk_win_64/imt_sdk_win_64/winarm/armgcc/bin/../lib/gcc/arm-none-eabi/7.2.1/../../../../arm-none-eabi/lib/thumb/v7e-m\libg_nano.a(lib_a-vsnprintf.o)
                              ./system/src/diag/Trace.o (vsnprintf)
f:/advanced_embedded/01- imt sdk/imt_sdk_win_64/imt_sdk_win_64/winarm/armgcc/bin/../lib/gcc/arm-none-eabi/7.2.1/../../../../arm-none-eabi/lib/thumb/v7e-m\libg_nano.a(lib_a-findfp.o)
                              f:/advanced_embedded/01- imt sdk/imt_sdk_win_64/imt_sdk_win_64/winarm/armgcc/bin/../lib/gcc/arm-none-eabi/7.2.1/../../../../arm-none-eabi/lib/thumb/v7e-m\libg_nano.a(lib_a-printf.o) (__sinit)
f:/advanced_embedded/01- imt sdk/imt_sdk_win_64/imt_sdk_win_64/winarm/armgcc/bin/../lib/gcc/arm-none-eabi/7.2.1/../../../../arm-none-eabi/lib/thumb/v7e-m\libg_nano.a(lib_a-fwalk.o)
                              f:/advanced_embedded/01- imt sdk/imt_sdk_win_64/imt_sdk_win_64/winarm/armgcc/bin/../lib/gcc/arm-none-eabi/7.2.1/../../../../arm-none-eabi/lib/thumb/v7e-m\libg_nano.a(lib_a-findfp.o) (_fwalk)
f:/advanced_embedded/01- imt sdk/imt_sdk_win_64/imt_sdk_win_64/winarm/armgcc/bin/../lib/gcc/arm-none-eabi/7.2.1/../../../../arm-none-eabi/lib/thumb/v7e-m\libg_nano.a(lib_a-memset.o)
                              f:/advanced_embedded/01- imt sdk/imt_sdk_win_64/imt_sdk_win_64/winarm/armgcc/bin/../lib/gcc/arm-none-eabi/7.2.1/../../../../arm-none-eabi/lib/thumb/v7e-m\libg_nano.a(lib_a-findfp.o) (memset)
[...]
Memory Configuration

Name             Origin             Length             Attributes
RAM              0x20000000         0x00010000         xrw
CCMRAM           0x10000000         0x00000000         xrw
FLASH            0x08000000         0x00040000         xr
FLASHB1          0x00000000         0x00000000         xr
EXTMEMB0         0x00000000         0x00000000         xr
EXTMEMB1         0x00000000         0x00000000         xr
EXTMEMB2         0x00000000         0x00000000         xr
EXTMEMB3         0x00000000         0x00000000         xr
*default*        0x00000000         0xffffffff

Linker script and memory map

LOAD ./system/src/stm32f4-hal/stm32f4xx_hal.o
LOAD ./system/src/stm32f4-hal/stm32f4xx_hal_cortex.o
LOAD ./system/src/stm32f4-hal/stm32f4xx_hal_dfsdm.o
LOAD ./system/src/stm32f4-hal/stm32f4xx_hal_flash.o
LOAD ./system/src/stm32f4-hal/stm32f4xx_hal_gpio.o
LOAD ./system/src/stm32f4-hal/stm32f4xx_hal_iwdg.o
LOAD ./system/src/stm32f4-hal/stm32f4xx_hal_pwr.o
LOAD ./system/src/stm32f4-hal/stm32f4xx_hal_rcc.o
LOAD ./system/src/newlib/_cxx.o
LOAD ./system/src/newlib/_exit.o
LOAD ./system/src/newlib/_sbrk.o
LOAD ./system/src/newlib/_startup.o
LOAD ./system/src/newlib/_syscalls.o
LOAD ./system/src/newlib/assert.o
LOAD ./system/src/diag/Trace.o
LOAD ./system/src/diag/trace_impl.o
LOAD ./system/src/cortexm/_initialize_hardware.o
LOAD ./system/src/cortexm/_reset_hardware.o
LOAD ./system/src/cortexm/exception_handlers.o
LOAD ./system/src/cmsis/system_stm32f4xx.o
LOAD ./system/src/cmsis/vectors_stm32f401xc.o
LOAD ./src/MCAL/UART/UART.o
LOAD ./src/MCAL/SYSTICK/SYSTICK.o
LOAD ./src/MCAL/RCC/RCC.o
LOAD ./src/MCAL/GPIO/GPIO.o
LOAD ./src/MCAL/ADC/ACD.o
LOAD ./src/HAL/Motor_Driver/HMotor_Prog.o
LOAD ./src/HAL/LM35/LM35.o
LOAD ./src/HAL/LCD/LCD.o
LOAD ./src/HAL/LCD/LCD_cfg.o
LOAD ./src/_initialize_hardware.o
LOAD ./src/_write.o
LOAD ./src/main.o
LOAD ./src/stm32f4xx_hal_msp.o
LOAD f:/advanced_embedded/01- imt sdk/imt_sdk_win_64/imt_sdk_win_64/winarm/armgcc/bin/../lib/gcc/arm-none-eabi/7.2.1/../../../../arm-none-eabi/lib/thumb/v7e-m\libstdc++_nano.a
LOAD f:/advanced_embedded/01- imt sdk/imt_sdk_win_64/imt_sdk_win_64/winarm/armgcc/bin/../lib/gcc/arm-none-eabi/7.2.1/../../../../arm-none-eabi/lib/thumb/v7e-m\libm.a
START GROUP
LOAD f:/advanced_embedded/01- imt sdk/imt_sdk_win_64/imt_sdk_win_64/winarm/armgcc/bin/../lib/gcc/arm-none-eabi/7.2.1/thumb/v7e-m\libgcc.a
LOAD f:/advanced_embedded/01- imt sdk/imt_sdk_win_64/imt_sdk_win_64/winarm/armgcc/bin/../lib/gcc/arm-none-eabi/7.2.1/../../../../arm-none-eabi/lib/thumb/v7e-m\libg_nano.a
LOAD f:/advanced_embedded/01- imt sdk/imt_sdk_win_64/imt_sdk_win_64/winarm/armgcc/bin/../lib/gcc/arm-none-eabi/7.2.1/../../../../arm-none-eabi/lib/thumb/v7e-m\libc_nano.a
END GROUP
START GROUP
LOAD f:/advanced_embedded/01- imt sdk/imt_sdk_win_64/imt_sdk_win_64/winarm/armgcc/bin/../lib/gcc/arm-none-eabi/7.2.1/thumb/v7e-m\libgcc.a
LOAD f:/advanced_embedded/01- imt sdk/imt_sdk_win_64/imt_sdk_win_64/winarm/armgcc/bin/../lib/gcc/arm-none-eabi/7.2.1/../../../../arm-none-eabi/lib/thumb/v7e-m\libc_nano.a
END GROUP
                0x20010000                __stack = (ORIGIN (RAM) + LENGTH (RAM))
                0x20010000                _estack = __stack
                0x00000400                __Main_Stack_Size = 0x400
                [!provide]                PROVIDE (_Main_Stack_Size, __Main_Stack_Size)
                0x2000fc00                __Main_Stack_Limit = (__stack - __Main_Stack_Size)
                [!provide]                PROVIDE (_Main_Stack_Limit, __Main_Stack_Limit)
                0x00000100                _Minimum_Stack_Size = 0x100
                0x20000128                PROVIDE (_Heap_Begin, _end_noinit)
                0x2000fc00                PROVIDE (_Heap_Limit, (__stack - __Main_Stack_Size))

.isr_vector     0x08000000      0x3f4
 FILL mask 0xff
                0x08000000                __vectors_start = ABSOLUTE (.)
                0x08000000                __vectors_start__ = ABSOLUTE (.)
 *(.isr_vector)
 .isr_vector    0x08000000      0x194 ./system/src/cmsis/vectors_stm32f401xc.o
                0x08000000                __isr_vectors
 *(.cfmconfig)
 *(.after_vectors .after_vectors.*)
 .after_vectors
                0x08000194      0x130 ./system/src/newlib/_startup.o
                0x08000194                _start
 .after_vectors
                0x080002c4      0x12c ./system/src/cortexm/exception_handlers.o
                0x080002c4                Reset_Handler
                0x080002ca                NMI_Handler
                0x080002ce                HardFault_Handler
                0x080002e2                HardFault_Handler_C
                0x08000340                MemManage_Handler
                0x08000344                BusFault_Handler
                0x08000358                BusFault_Handler_C
                0x0800038c                UsageFault_Handler
                0x080003a0                UsageFault_Handler_C
                0x080003d4                SVC_Handler
                0x080003d8                DebugMon_Handler
                0x080003dc                PendSV_Handler
                0x080003e0                SysTick_Handler
 .after_vectors
                0x080003f0        0x4 ./system/src/cmsis/vectors_stm32f401xc.o
                0x080003f0                RTC_Alarm_IRQHandler
                0x080003f0                EXTI2_IRQHandler
                0x080003f0                SPI4_IRQHandler
                0x080003f0                TIM1_CC_IRQHandler
                0x080003f0                DMA2_Stream5_IRQHandler
                0x080003f0                DMA1_Stream5_IRQHandler
                0x080003f0                PVD_IRQHandler
                0x080003f0                SDIO_IRQHandler
                0x080003f0                TAMP_STAMP_IRQHandler
                0x080003f0                EXTI3_IRQHandler
                0x080003f0                TIM1_UP_TIM10_IRQHandler
                0x080003f0                I2C3_ER_IRQHandler
                0x080003f0                EXTI0_IRQHandler
                0x080003f0                I2C2_EV_IRQHandler
                0x080003f0                DMA1_Stream2_IRQHandler
                0x080003f0                FPU_IRQHandler
                0x080003f0                DMA2_Stream2_IRQHandler
                0x080003f0                SPI1_IRQHandler
                0x080003f0                TIM1_BRK_TIM9_IRQHandler
                0x080003f0                DMA2_Stream3_IRQHandler
                0x080003f0                USART6_IRQHandler
                0x080003f0                DMA2_Stream0_IRQHandler
                0x080003f0                TIM4_IRQHandler
                0x080003f0                I2C1_EV_IRQHandler
                0x080003f0                DMA1_Stream6_IRQHandler
                0x080003f0                DMA1_Stream1_IRQHandler
                0x080003f0                TIM3_IRQHandler
                0x080003f0                RCC_IRQHandler
                0x080003f0                Default_Handler
                0x080003f0                EXTI15_10_IRQHandler
                0x080003f0                ADC_IRQHandler
                0x080003f0                DMA1_Stream7_IRQHandler
                0x080003f0                TIM5_IRQHandler
                0x080003f0                DMA2_Stream7_IRQHandler
                0x080003f0                I2C3_EV_IRQHandler
                0x080003f0                EXTI9_5_IRQHandler
                0x080003f0                RTC_WKUP_IRQHandler
                0x080003f0                SPI2_IRQHandler
                0x080003f0                DMA1_Stream0_IRQHandler
                0x080003f0                EXTI4_IRQHandler
                0x080003f0                WWDG_IRQHandler
                0x080003f0                TIM2_IRQHandler
                0x080003f0                OTG_FS_WKUP_IRQHandler
                0x080003f0                TIM1_TRG_COM_TIM11_IRQHandler
                0x080003f0                EXTI1_IRQHandler
                0x080003f0                USART2_IRQHandler
                0x080003f0                I2C2_ER_IRQHandler
                0x080003f0                DMA2_Stream1_IRQHandler
                0x080003f0                FLASH_IRQHandler
                0x080003f0                DMA2_Stream4_IRQHandler
                0x080003f0                USART1_IRQHandler
                0x080003f0                OTG_FS_IRQHandler
                0x080003f0                SPI3_IRQHandler
                0x080003f0                DMA1_Stream4_IRQHandler
                0x080003f0                I2C1_ER_IRQHandler
                0x080003f0                DMA2_Stream6_IRQHandler
                0x080003f0                DMA1_Stream3_IRQHandler

.inits          0x080003f4       0x28
                0x080003f4                __data_regions_array_start = .
                0x080003f4        0x4 LONG 0x800365c LOADADDR (.data)
                0x080003f8        0x4 LONG 0x20000000 ADDR (.data)
                0x080003fc        0x4 LONG 0x20000084 (ADDR (.data) + SIZEOF (.data))
                0x08000400        0x4 LONG 0x800365c LOADADDR (.data_CCMRAM)
                0x08000404        0x4 LONG 0x10000000 ADDR (.data_CCMRAM)
                0x08000408        0x4 LONG 0x10000000 (ADDR (.data_CCMRAM) + SIZEOF (.data_CCMRAM))
                0x0800040c                __data_regions_array_end = .
                0x0800040c                __bss_regions_array_start = .
                0x0800040c        0x4 LONG 0x20000084 ADDR (.bss)
                0x08000410        0x4 LONG 0x20000128 (ADDR (.bss) + SIZEOF (.bss))
                0x08000414        0x4 LONG 0x10000000 ADDR (.bss_CCMRAM)
                0x08000418        0x4 LONG 0x10000000 (ADDR (.bss_CCMRAM) + SIZEOF (.bss_CCMRAM))
                0x0800041c                __bss_regions_array_end = .
 *(.init)
 *(.fini)
                0x0800041c                . = ALIGN (0x4)
                0x0800041c                PROVIDE (__preinit_array_start, .)
 *(.preinit_array_sysinit .preinit_array_sysinit.*)
 *(.preinit_array_platform .preinit_array_platform.*)
 *(.preinit_array .preinit_array.*)
                0x0800041c                PROVIDE (__preinit_array_end, .)
                0x0800041c                . = ALIGN (0x4)
                0x0800041c                PROVIDE (__init_array_start, .)
 *(SORT_BY_NAME(.init_array.*))
 *(.init_array)
                0x0800041c                PROVIDE (__init_array_end, .)
                0x0800041c                . = ALIGN (0x4)
                0x0800041c                PROVIDE (__fini_array_start, .)
 *(SORT_BY_NAME(.fini_array.*))
 *(.fini_array)
                0x0800041c                PROVIDE (__fini_array_end, .)

.flashtext
 *(.flashtext .flashtext.*)

.text           0x08000420     0x323b
 *(.text .text.*)
 .text.HAL_InitTick
                0x08000420       0x2c ./system/src/stm32f4-hal/stm32f4xx_hal.o
                0x08000420                HAL_InitTick
 .text.HAL_Init
                0x0800044c       0x34 ./system/src/stm32f4-hal/stm32f4xx_hal.o
                0x0800044c                HAL_Init
 .text.HAL_GetTick
                0x08000480        0xc ./system/src/stm32f4-hal/stm32f4xx_hal.o
                0x08000480                HAL_GetTick
 .text.HAL_NVIC_SetPriorityGrouping
                0x0800048c       0x3c ./system/src/stm32f4-hal/stm32f4xx_hal_cortex.o
                0x0800048c                HAL_NVIC_SetPriorityGrouping
 .text.HAL_NVIC_SetPriority
                0x080004c8       0x8c ./system/src/stm32f4-hal/stm32f4xx_hal_cortex.o
                0x080004c8                HAL_NVIC_SetPriority
 .text.HAL_SYSTICK_Config
                0x08000554       0x2c ./system/src/stm32f4-hal/stm32f4xx_hal_cortex.o
                0x08000554                HAL_SYSTICK_Config
 .text.HAL_SYSTICK_CLKSourceConfig
                0x08000580       0x3c ./system/src/stm32f4-hal/stm32f4xx_hal_cortex.o
                0x08000580                HAL_SYSTICK_CLKSourceConfig
 .text.HAL_RCC_OscConfig
                0x080005bc      0x43c ./system/src/stm32f4-hal/stm32f4xx_hal_rcc.o
                0x080005bc                HAL_RCC_OscConfig
 .text.HAL_RCC_GetSysClockFreq
                0x080009f8       0x94 ./system/src/stm32f4-hal/stm32f4xx_hal_rcc.o
                0x080009f8                HAL_RCC_GetSysClockFreq
 .text.HAL_RCC_ClockConfig
                0x08000a8c      0x258 ./system/src/stm32f4-hal/stm32f4xx_hal_rcc.o
                0x08000a8c                HAL_RCC_ClockConfig
 .text.HAL_RCC_GetHCLKFreq
                0x08000ce4        0xc ./system/src/stm32f4-hal/stm32f4xx_hal_rcc.o
                0x08000ce4                HAL_RCC_GetHCLKFreq
 .text._exit    0x08000cf0        0x2 ./system/src/newlib/_exit.o
                0x08000cf0                _exit
 *fill*         0x08000cf2        0x2 
 .text.abort    0x08000cf4       0x14 ./system/src/newlib/_exit.o
                0x08000cf4                abort
 .text._sbrk    0x08000d08       0x44 ./system/src/newlib/_sbrk.o
                0x08000d08                _sbrk
 .text.__initialize_args
                0x08000d4c       0x10 ./system/src/newlib/_syscalls.o
                0x08000d4c                __initialize_args
 .text.assert_failed
                0x08000d5c       0x14 ./system/src/newlib/assert.o
                0x08000d5c                assert_failed
 .text.trace_printf
                0x08000d70       0x30 ./system/src/diag/Trace.o
                0x08000d70                trace_printf
 .text.trace_puts
                0x08000da0       0x20 ./system/src/diag/Trace.o
                0x08000da0                trace_puts
 .text._trace_write_semihosting_debug
                0x08000dc0       0x60 ./system/src/diag/trace_impl.o
 .text.trace_write
                0x08000e20        0x8 ./system/src/diag/trace_impl.o
                0x08000e20                trace_write
 .text.__initialize_hardware_early
                0x08000e28       0x18 ./system/src/cortexm/_initialize_hardware.o
                0x08000e28                __initialize_hardware_early
 .text.dumpExceptionStack
                0x08000e40       0xf4 ./system/src/cortexm/exception_handlers.o
                0x08000e40                dumpExceptionStack
 .text.isSemihosting
                0x08000f34       0x20 ./system/src/cortexm/exception_handlers.o
                0x08000f34                isSemihosting
 .text.SystemInit
                0x08000f54       0x40 ./system/src/cmsis/system_stm32f4xx.o
                0x08000f54                SystemInit
 .text.SystemCoreClockUpdate
                0x08000f94       0xa0 ./system/src/cmsis/system_stm32f4xx.o
                0x08000f94                SystemCoreClockUpdate
 .text.MUART_vInit
                0x08001034       0x48 ./src/MCAL/UART/UART.o
                0x08001034                MUART_vInit
 .text.MUART_vSendData
                0x0800107c       0x30 ./src/MCAL/UART/UART.o
                0x0800107c                MUART_vSendData
 .text.MSTK_voidInit
                0x080010ac       0x10 ./src/MCAL/SYSTICK/SYSTICK.o
                0x080010ac                MSTK_voidInit
 .text.MSTK_voidIntState
                0x080010bc       0x10 ./src/MCAL/SYSTICK/SYSTICK.o
                0x080010bc                MSTK_voidIntState
 .text.MSTK_voidStart
                0x080010cc       0x18 ./src/MCAL/SYSTICK/SYSTICK.o
                0x080010cc                MSTK_voidStart
 .text.MSTK_u8ReadFlag
                0x080010e4       0x10 ./src/MCAL/SYSTICK/SYSTICK.o
                0x080010e4                MSTK_u8ReadFlag
 .text.MSTK_voidDelayMsec
                0x080010f4       0x3c ./src/MCAL/SYSTICK/SYSTICK.o
                0x080010f4                MSTK_voidDelayMsec
 .text.Init_Rcc
                0x08001130       0x2c ./src/MCAL/RCC/RCC.o
                0x08001130                Init_Rcc
 .text.Enable_peripheral
                0x0800115c       0x50 ./src/MCAL/RCC/RCC.o
                0x0800115c                Enable_peripheral
 .text.MGPIO_vSetPinMode
                0x080011ac       0x84 ./src/MCAL/GPIO/GPIO.o
                0x080011ac                MGPIO_vSetPinMode
 .text.MGPIO_u8SetPinVal
                0x08001230       0x8c ./src/MCAL/GPIO/GPIO.o
                0x08001230                MGPIO_u8SetPinVal
 .text.MGPIO_vSetAlternativeFunction
                0x080012bc       0xe0 ./src/MCAL/GPIO/GPIO.o
                0x080012bc                MGPIO_vSetAlternativeFunction
 .text.ADC_Init
                0x0800139c       0x50 ./src/MCAL/ADC/ACD.o
                0x0800139c                ADC_Init
 .text.ADC_ReadChannel
                0x080013ec       0x2c ./src/MCAL/ADC/ACD.o
                0x080013ec                ADC_ReadChannel
 .text.Motor_On
                0x08001418       0x18 ./src/HAL/Motor_Driver/HMotor_Prog.o
                0x08001418                Motor_On
 .text.ADC_to_Temperature
                0x08001430       0x34 ./src/HAL/LM35/LM35.o
                0x08001430                ADC_to_Temperature
 .text.LCD_enuHelp
                0x08001464      0x120 ./src/HAL/LCD/LCD.o
 .text.LCD_enuWriteCmd
                0x08001584       0x40 ./src/HAL/LCD/LCD.o
                0x08001584                LCD_enuWriteCmd
 *fill*         0x080015c4        0x4 
 .text.LCD_voidInit
                0x080015c8      0x1b8 ./src/HAL/LCD/LCD.o
                0x080015c8                LCD_voidInit
 .text.LCD_enuWriteChar
                0x08001780       0x40 ./src/HAL/LCD/LCD.o
                0x08001780                LCD_enuWriteChar
 .text.LCD_enuWriteData
                0x080017c0       0x1c ./src/HAL/LCD/LCD.o
                0x080017c0                LCD_enuWriteData
 .text.LCD_enuWritenumber
                0x080017dc       0xd8 ./src/HAL/LCD/LCD.o
                0x080017dc                LCD_enuWritenumber
 .text.SystemClock_Config
                0x080018b4       0x98 ./src/_initialize_hardware.o
                0x080018b4                SystemClock_Config
 .text.__initialize_hardware
                0x0800194c       0x10 ./src/_initialize_hardware.o
                0x0800194c                __initialize_hardware
 .text.main     0x0800195c      0x188 ./src/main.o
                0x0800195c                main
 .text.HAL_MspInit
                0x08001ae4        0x2 ./src/stm32f4xx_hal_msp.o
                0x08001ae4                HAL_MspInit
 *fill*         0x08001ae6        0x2 
 .text          0x08001ae8      0x378 f:/advanced_embedded/01- imt sdk/imt_sdk_win_64/imt_sdk_win_64/winarm/armgcc/bin/../lib/gcc/arm-none-eabi/7.2.1/thumb/v7e-m\libgcc.a(_arm_addsubdf3.o)
                0x08001ae8                __aeabi_drsub
                0x08001af0                __aeabi_dsub
                0x08001af0                __subdf3
                0x08001af4                __aeabi_dadd
                0x08001af4                __adddf3
                0x08001d6c                __floatunsidf
                0x08001d6c                __aeabi_ui2d
                0x08001d8c                __floatsidf
                0x08001d8c                __aeabi_i2d
                0x08001db0                __aeabi_f2d
                0x08001db0                __extendsfdf2
                0x08001df4                __floatundidf
                0x08001df4                __aeabi_ul2d
                0x08001e04                __floatdidf
                0x08001e04                __aeabi_l2d
 .text          0x08001e60      0x424 f:/advanced_embedded/01- imt sdk/imt_sdk_win_64/imt_sdk_win_64/winarm/armgcc/bin/../lib/gcc/arm-none-eabi/7.2.1/thumb/v7e-m\libgcc.a(_arm_muldivdf3.o)
                0x08001e60                __aeabi_dmul
                0x08001e60                __muldf3
                0x080020b4                __divdf3
                0x080020b4                __aeabi_ddiv
 .text          0x08002284      0x110 f:/advanced_embedded/01- imt sdk/imt_sdk_win_64/imt_sdk_win_64/winarm/armgcc/bin/../lib/gcc/arm-none-eabi/7.2.1/thumb/v7e-m\libgcc.a(_arm_cmpdf2.o)
                0x08002284                __gtdf2
                0x08002284                __gedf2
                0x0800228c                __ltdf2
                0x0800228c                __ledf2
                0x08002294                __nedf2
                0x08002294                __eqdf2
                0x08002294                __cmpdf2
                0x08002310                __aeabi_cdrcmple
                0x08002320                __aeabi_cdcmpeq
                0x08002320                __aeabi_cdcmple
                0x08002330                __aeabi_dcmpeq
                0x08002344                __aeabi_dcmplt
                0x08002358                __aeabi_dcmple
                0x0800236c                __aeabi_dcmpge
                0x08002380                __aeabi_dcmpgt
 .text          0x08002394       0x40 f:/advanced_embedded/01- imt sdk/imt_sdk_win_64/imt_sdk_win_64/winarm/armgcc/bin/../lib/gcc/arm-none-eabi/7.2.1/thumb/v7e-m\libgcc.a(_arm_fixunsdfsi.o)
                0x08002394                __aeabi_d2uiz
                0x08002394                __fixunsdfsi
 .text          0x080023d4       0xa0 f:/advanced_embedded/01- imt sdk/imt_sdk_win_64/imt_sdk_win_64/winarm/armgcc/bin/../lib/gcc/arm-none-eabi/7.2.1/thumb/v7e-m\libgcc.a(_arm_truncdfsf2.o)
                0x080023d4                __truncdfsf2
                0x080023d4                __aeabi_d2f
 .text          0x08002474      0x21c f:/advanced_embedded/01- imt sdk/imt_sdk_win_64/imt_sdk_win_64/winarm/armgcc/bin/../lib/gcc/arm-none-eabi/7.2.1/thumb/v7e-m\libgcc.a(_arm_addsubsf3.o)
                0x08002474                __aeabi_frsub
                0x0800247c                __subsf3
                0x0800247c                __aeabi_fsub
                0x08002480                __aeabi_fadd
                0x08002480                __addsf3
                0x080025e0                __aeabi_ui2f
                0x080025e0                __floatunsisf
                0x080025e8                __aeabi_i2f
                0x080025e8                __floatsisf
                0x08002604                __aeabi_ul2f
                0x08002604                __floatundisf
                0x08002614                __aeabi_l2f
                0x08002614                __floatdisf
 .text          0x08002690      0x2a0 f:/advanced_embedded/01- imt sdk/imt_sdk_win_64/imt_sdk_win_64/winarm/armgcc/bin/../lib/gcc/arm-none-eabi/7.2.1/thumb/v7e-m\libgcc.a(_arm_muldivsf3.o)
                0x08002690                __mulsf3
                0x08002690                __aeabi_fmul
                0x080027f8                __aeabi_fdiv
                0x080027f8                __divsf3
 .text          0x08002930       0xec f:/advanced_embedded/01- imt sdk/imt_sdk_win_64/imt_sdk_win_64/winarm/armgcc/bin/../lib/gcc/arm-none-eabi/7.2.1/thumb/v7e-m\libgcc.a(_arm_cmpsf2.o)
                0x08002930                __gesf2
                0x08002930                __gtsf2
                0x08002938                __lesf2
                0x08002938                __ltsf2
                0x08002940                __nesf2
                0x08002940                __eqsf2
                0x08002940                __cmpsf2
                0x080029a0                __aeabi_cfrcmple
                0x080029a8                __aeabi_cfcmpeq
                0x080029a8                __aeabi_cfcmple
                0x080029b8                __aeabi_fcmpeq
                0x080029cc                __aeabi_fcmplt
                0x080029e0                __aeabi_fcmple
                0x080029f4                __aeabi_fcmpge
                0x08002a08                __aeabi_fcmpgt
 .text          0x08002a1c       0x4c f:/advanced_embedded/01- imt sdk/imt_sdk_win_64/imt_sdk_win_64/winarm/armgcc/bin/../lib/gcc/arm-none-eabi/7.2.1/thumb/v7e-m\libgcc.a(_arm_fixsfsi.o)
                0x08002a1c                __aeabi_f2iz
                0x08002a1c                __fixsfsi
 .text          0x08002a68       0x40 f:/advanced_embedded/01- imt sdk/imt_sdk_win_64/imt_sdk_win_64/winarm/armgcc/bin/../lib/gcc/arm-none-eabi/7.2.1/thumb/v7e-m\libgcc.a(_arm_fixunssfsi.o)
                0x08002a68                __fixunssfsi
                0x08002a68                __aeabi_f2uiz
 .text.__errno  0x08002aa8        0xc f:/advanced_embedded/01- imt sdk/imt_sdk_win_64/imt_sdk_win_64/winarm/armgcc/bin/../lib/gcc/arm-none-eabi/7.2.1/../../../../arm-none-eabi/lib/thumb/v7e-m\libg_nano.a(lib_a-errno.o)
                0x08002aa8                __errno
 .text          0x08002ab4       0x10 f:/advanced_embedded/01- imt sdk/imt_sdk_win_64/imt_sdk_win_64/winarm/armgcc/bin/../lib/gcc/arm-none-eabi/7.2.1/../../../../arm-none-eabi/lib/thumb/v7e-m\libg_nano.a(lib_a-strlen.o)
                0x08002ab4                strlen
 .text._vsnprintf_r
                0x08002ac4       0x58 f:/advanced_embedded/01- imt sdk/imt_sdk_win_64/imt_sdk_win_64/winarm/armgcc/bin/../lib/gcc/arm-none-eabi/7.2.1/../../../../arm-none-eabi/lib/thumb/v7e-m\libg_nano.a(lib_a-vsnprintf.o)
                0x08002ac4                _vsniprintf_r
                0x08002ac4                _vsnprintf_r
 .text.vsnprintf
                0x08002b1c       0x1c f:/advanced_embedded/01- imt sdk/imt_sdk_win_64/imt_sdk_win_64/winarm/armgcc/bin/../lib/gcc/arm-none-eabi/7.2.1/../../../../arm-none-eabi/lib/thumb/v7e-m\libg_nano.a(lib_a-vsnprintf.o)
                0x08002b1c                vsniprintf
                0x08002b1c                vsnprintf
 .text._malloc_r
                0x08002b38       0xb4 f:/advanced_embedded/01- imt sdk/imt_sdk_win_64/imt_sdk_win_64/winarm/armgcc/bin/../lib/gcc/arm-none-eabi/7.2.1/../../../../arm-none-eabi/lib/thumb/v7e-m\libg_nano.a(lib_a-nano-mallocr.o)
                0x08002b38                _malloc_r
 .text.__ssputs_r
                0x08002bec       0xb4 f:/advanced_embedded/01- imt sdk/imt_sdk_win_64/imt_sdk_win_64/winarm/armgcc/bin/../lib/gcc/arm-none-eabi/7.2.1/../../../../arm-none-eabi/lib/thumb/v7e-m\libg_nano.a(lib_a-nano-svfprintf.o)
                0x08002bec                __ssputs_r
 .text._svfprintf_r
                0x08002ca0      0x1ec f:/advanced_embedded/01- imt sdk/imt_sdk_win_64/imt_sdk_win_64/winarm/armgcc/bin/../lib/gcc/arm-none-eabi/7.2.1/../../../../arm-none-eabi/lib/thumb/v7e-m\libg_nano.a(lib_a-nano-svfprintf.o)
                0x08002ca0                _svfiprintf_r
                0x08002ca0                _svfprintf_r
 .text._printf_common
                0x08002e8c       0xea f:/advanced_embedded/01- imt sdk/imt_sdk_win_64/imt_sdk_win_64/winarm/armgcc/bin/../lib/gcc/arm-none-eabi/7.2.1/../../../../arm-none-eabi/lib/thumb/v7e-m\libg_nano.a(lib_a-nano-vfprintf_i.o)
                0x08002e8c                _printf_common
 *fill*         0x08002f76        0x2 
 .text._printf_i
                0x08002f78      0x224 f:/advanced_embedded/01- imt sdk/imt_sdk_win_64/imt_sdk_win_64/winarm/armgcc/bin/../lib/gcc/arm-none-eabi/7.2.1/../../../../arm-none-eabi/lib/thumb/v7e-m\libg_nano.a(lib_a-nano-vfprintf_i.o)
                0x08002f78                _printf_i
 .text._sbrk_r  0x0800319c       0x20 f:/advanced_embedded/01- imt sdk/imt_sdk_win_64/imt_sdk_win_64/winarm/armgcc/bin/../lib/gcc/arm-none-eabi/7.2.1/../../../../arm-none-eabi/lib/thumb/v7e-m\libg_nano.a(lib_a-sbrkr.o)
                0x0800319c                _sbrk_r
 *fill*         0x080031bc        0x4 
 .text          0x080031c0       0xa0 f:/advanced_embedded/01- imt sdk/imt_sdk_win_64/imt_sdk_win_64/winarm/armgcc/bin/../lib/gcc/arm-none-eabi/7.2.1/../../../../arm-none-eabi/lib/thumb/v7e-m\libg_nano.a(lib_a-memchr.o)
                0x080031c0                memchr
 .text.memcpy   0x08003260       0x16 f:/advanced_embedded/01- imt sdk/imt_sdk_win_64/imt_sdk_win_64/winarm/armgcc/bin/../lib/gcc/arm-none-eabi/7.2.1/../../../../arm-none-eabi/lib/thumb/v7e-m\libg_nano.a(lib_a-memcpy-stub.o)
                0x08003260                memcpy
 .text.memmove  0x08003276       0x32 f:/advanced_embedded/01- imt sdk/imt_sdk_win_64/imt_sdk_win_64/winarm/armgcc/bin/../lib/gcc/arm-none-eabi/7.2.1/../../../../arm-none-eabi/lib/thumb/v7e-m\libg_nano.a(lib_a-memmove.o)
                0x08003276                memmove
 .text.__malloc_lock
                0x080032a8        0x2 f:/advanced_embedded/01- imt sdk/imt_sdk_win_64/imt_sdk_win_64/winarm/armgcc/bin/../lib/gcc/arm-none-eabi/7.2.1/../../../../arm-none-eabi/lib/thumb/v7e-m\libg_nano.a(lib_a-mlock.o)
                0x080032a8                __malloc_lock
 .text.__malloc_unlock
                0x080032aa        0x2 f:/advanced_embedded/01- imt sdk/imt_sdk_win_64/imt_sdk_win_64/winarm/armgcc/bin/../lib/gcc/arm-none-eabi/7.2.1/../../../../arm-none-eabi/lib/thumb/v7e-m\libg_nano.a(lib_a-mlock.o)
                0x080032aa                __malloc_unlock
 .text._free_r  0x080032ac       0x9c f:/advanced_embedded/01- imt sdk/imt_sdk_win_64/imt_sdk_win_64/winarm/armgcc/bin/../lib/gcc/arm-none-eabi/7.2.1/../../../../arm-none-eabi/lib/thumb/v7e-m\libg_nano.a(lib_a-nano-freer.o)
                0x080032ac                _free_r
 .text._realloc_r
                0x08003348       0x4c f:/advanced_embedded/01- imt sdk/imt_sdk_win_64/imt_sdk_win_64/winarm/armgcc/bin/../lib/gcc/arm-none-eabi/7.2.1/../../../../arm-none-eabi/lib/thumb/v7e-m\libg_nano.a(lib_a-nano-reallocr.o)
                0x08003348                _realloc_r
 .text._malloc_usable_size_r
                0x08003394       0x10 f:/advanced_embedded/01- imt sdk/imt_sdk_win_64/imt_sdk_win_64/winarm/armgcc/bin/../lib/gcc/arm-none-eabi/7.2.1/../../../../arm-none-eabi/lib/thumb/v7e-m\libg_nano.a(lib_a-nano-msizer.o)
                0x08003394                _malloc_usable_size_r
 *(.rodata .rodata.* .constdata .constdata.*)
 .rodata.HAL_NVIC_SetPriorityGrouping.str1.4
                0x080033a4       0x31 ./system/src/stm32f4-hal/stm32f4xx_hal_cortex.o
 *fill*         0x080033d5        0x3 
 .rodata.APBAHBPrescTable
                0x080033d8       0x10 ./system/src/stm32f4-hal/stm32f4xx_hal_rcc.o
                0x080033d8                APBAHBPrescTable
 .rodata.HAL_RCC_OscConfig.str1.4
                0x080033e8       0x2e ./system/src/stm32f4-hal/stm32f4xx_hal_rcc.o
 *fill*         0x08003416        0x2 
 .rodata.abort.str1.4
                0x08003418       0x14 ./system/src/newlib/_exit.o
 .rodata.assert_failed.str1.4
                0x0800342c       0x2b ./system/src/newlib/assert.o
 .rodata.trace_puts.str1.4
                0x08003457       0x2b ./system/src/diag/Trace.o
                                  0x2 (size before relaxing)
 *fill*         0x08003457        0x1 
 .rodata.dumpExceptionStack.str1.4
                0x08003458      0x11a ./system/src/cortexm/exception_handlers.o
 *fill*         0x08003572        0x2 
 .rodata.str1.4
                0x08003574       0x2a ./system/src/cortexm/exception_handlers.o
 *fill*         0x0800359e        0x2 
 .rodata.AHBPrescTable
                0x080035a0       0x10 ./system/src/cmsis/system_stm32f4xx.o
                0x080035a0                AHBPrescTable
 .rodata.main.str1.4
                0x080035b0       0x18 ./src/main.o
                                 0x16 (size before relaxing)
 .rodata.__sf_fake_stderr
                0x080035c8       0x20 f:/advanced_embedded/01- imt sdk/imt_sdk_win_64/imt_sdk_win_64/winarm/armgcc/bin/../lib/gcc/arm-none-eabi/7.2.1/../../../../arm-none-eabi/lib/thumb/v7e-m\libg_nano.a(lib_a-findfp.o)
                0x080035c8                __sf_fake_stderr
 .rodata.__sf_fake_stdin
                0x080035e8       0x20 f:/advanced_embedded/01- imt sdk/imt_sdk_win_64/imt_sdk_win_64/winarm/armgcc/bin/../lib/gcc/arm-none-eabi/7.2.1/../../../../arm-none-eabi/lib/thumb/v7e-m\libg_nano.a(lib_a-findfp.o)
                0x080035e8                __sf_fake_stdin
 .rodata.__sf_fake_stdout
                0x08003608       0x20 f:/advanced_embedded/01- imt sdk/imt_sdk_win_64/imt_sdk_win_64/winarm/armgcc/bin/../lib/gcc/arm-none-eabi/7.2.1/../../../../arm-none-eabi/lib/thumb/v7e-m\libg_nano.a(lib_a-findfp.o)
                0x08003608                __sf_fake_stdout
 .rodata._svfprintf_r.str1.1
                0x08003628       0x11 f:/advanced_embedded/01- imt sdk/imt_sdk_win_64/imt_sdk_win_64/winarm/armgcc/bin/../lib/gcc/arm-none-eabi/7.2.1/../../../../arm-none-eabi/lib/thumb/v7e-m\libg_nano.a(lib_a-nano-svfprintf.o)
 .rodata._printf_i.str1.1
                0x08003639       0x22 f:/advanced_embedded/01- imt sdk/imt_sdk_win_64/imt_sdk_win_64/winarm/armgcc/bin/../lib/gcc/arm-none-eabi/7.2.1/../../../../arm-none-eabi/lib/thumb/v7e-m\libg_nano.a(lib_a-nano-vfprintf_i.o)
 *(vtable)
 *(.eh_frame*)
 *(.glue_7)
 .glue_7        0x0800365b        0x0 linker stubs
 *(.glue_7t)
 .glue_7t       0x0800365b        0x0 linker stubs

.vfp11_veneer   0x0800365c        0x0
 .vfp11_veneer  0x0800365c        0x0 linker stubs

.v4_bx          0x0800365c        0x0
 .v4_bx         0x0800365c        0x0 linker stubs

.iplt           0x0800365c        0x0
 .iplt          0x0800365c        0x0 ./system/src/stm32f4-hal/stm32f4xx_hal.o

.rel.dyn        0x0800365c        0x0
 .rel.iplt      0x0800365c        0x0 ./system/src/stm32f4-hal/stm32f4xx_hal.o

.ARM.extab
 *(.ARM.extab* .gnu.linkonce.armextab.*)
                0x0800365c                . = ALIGN (0x4)
                0x0800365c                __exidx_start = .

.ARM.exidx
 *(.ARM.exidx* .gnu.linkonce.armexidx.*)
                0x0800365c                __exidx_end = .
                0x0800365c                . = ALIGN (0x4)
                0x0800365c                _etext = .
                0x0800365c                __etext = .

.data_CCMRAM    0x10000000        0x0 load address 0x0800365c
 FILL mask 0xff
 *(.data.CCMRAM .data.CCMRAM.*)
                0x10000000                . = ALIGN (0x4)
                0x0800365c                _sidata = LOADADDR (.data)

.data           0x20000000       0x84 load address 0x0800365c
 FILL mask 0xff
                0x20000000                _sdata = .
                0x20000000                __data_start__ = .
 *(.data_begin .data_begin.*)
 .data_begin    0x20000000        0x4 ./system/src/newlib/_startup.o
 *(.data .data.*)
 .data.argv.4310
                0x20000004        0x8 ./system/src/newlib/_syscalls.o
 .data.SystemCoreClock
                0x2000000c        0x4 ./system/src/cmsis/system_stm32f4xx.o
                0x2000000c                SystemCoreClock
 .data.LCD_astrCfg
                0x20000010        0xc ./src/HAL/LCD/LCD_cfg.o
                0x20000010                LCD_astrCfg
 .data._impure_ptr
                0x2000001c        0x4 f:/advanced_embedded/01- imt sdk/imt_sdk_win_64/imt_sdk_win_64/winarm/armgcc/bin/../lib/gcc/arm-none-eabi/7.2.1/../../../../arm-none-eabi/lib/thumb/v7e-m\libg_nano.a(lib_a-impure.o)
                0x2000001c                _impure_ptr
 .data.impure_data
                0x20000020       0x60 f:/advanced_embedded/01- imt sdk/imt_sdk_win_64/imt_sdk_win_64/winarm/armgcc/bin/../lib/gcc/arm-none-eabi/7.2.1/../../../../arm-none-eabi/lib/thumb/v7e-m\libg_nano.a(lib_a-impure.o)
 *(.data_end .data_end.*)
 .data_end      0x20000080        0x4 ./system/src/newlib/_startup.o
                0x20000084                . = ALIGN (0x4)
                0x20000084                _edata = .
                0x20000084                __data_end__ = .

.igot.plt       0x20000084        0x0 load address 0x080036e0
 .igot.plt      0x20000084        0x0 ./system/src/stm32f4-hal/stm32f4xx_hal.o

.bss_CCMRAM     0x10000000        0x0
 *(.bss.CCMRAM .bss.CCMRAM.*)

.bss            0x20000084       0xa4
                0x20000084                __bss_start__ = .
                0x20000084                _sbss = .
 *(.bss_begin .bss_begin.*)
 .bss_begin     0x20000084        0x4 ./system/src/newlib/_startup.o
 *(.bss .bss.*)
 .bss.current_heap_end.3961
                0x20000088        0x4 ./system/src/newlib/_sbrk.o
 .bss.name.4309
                0x2000008c        0x1 ./system/src/newlib/_syscalls.o
 *fill*         0x2000008d        0x3 
 .bss.buf.5205  0x20000090       0x80 ./system/src/diag/Trace.o
 .bss.__malloc_free_list
                0x20000110        0x4 f:/advanced_embedded/01- imt sdk/imt_sdk_win_64/imt_sdk_win_64/winarm/armgcc/bin/../lib/gcc/arm-none-eabi/7.2.1/../../../../arm-none-eabi/lib/thumb/v7e-m\libg_nano.a(lib_a-nano-mallocr.o)
                0x20000110                __malloc_free_list
 .bss.__malloc_sbrk_start
                0x20000114        0x4 f:/advanced_embedded/01- imt sdk/imt_sdk_win_64/imt_sdk_win_64/winarm/armgcc/bin/../lib/gcc/arm-none-eabi/7.2.1/../../../../arm-none-eabi/lib/thumb/v7e-m\libg_nano.a(lib_a-nano-mallocr.o)
                0x20000114                __malloc_sbrk_start
 *(COMMON)
 COMMON         0x20000118        0x4 ./system/src/stm32f4-hal/stm32f4xx_hal.o
                0x20000118                uwTick
 COMMON         0x2000011c        0x4 ./system/src/newlib/_syscalls.o
                0x2000011c                errno
 COMMON         0x20000120        0x4 ./src/MCAL/UART/UART.o
                0x20000120                Global_UART1
 *(.bss_end .bss_end.*)
 .bss_end       0x20000124        0x4 ./system/src/newlib/_startup.o
                0x20000128                . = ALIGN (0x4)
                0x20000128                __bss_end__ = .
                0x20000128                _ebss = .

.noinit_CCMRAM
 *(.noinit.CCMRAM .noinit.CCMRAM.*)

.noinit         0x20000128        0x0
                0x20000128                _noinit = .
 *(.noinit .noinit.*)
                0x20000128                . = ALIGN (0x4)
                0x20000128                _end_noinit = .
                [!provide]                PROVIDE (end, _end_noinit)
                [!provide]                PROVIDE (_end, _end_noinit)
                [!provide]                PROVIDE (__end, _end_noinit)
                [!provide]                PROVIDE (__end__, _end_noinit)

._check_stack   0x20000128      0x100
                0x20000228                . = (. + _Minimum_Stack_Size)
 *fill*         0x20000128      0x100 

.b1text
 *(.b1text)
 *(.b1rodata)
 *(.b1rodata.*)

.eb0text
 *(.eb0text)
 *(.eb0rodata)
 *(.eb0rodata.*)

.eb1text
 *(.eb1text)
 *(.eb1rodata)
 *(.eb1rodata.*)

.eb2text
 *(.eb2text)
 *(.eb2rodata)
 *(.eb2rodata.*)

.eb3text
 *(.eb3text)
 *(.eb3rodata)
 *(.eb3rodata.*)

.stab
 *(.stab)

.stabstr
 *(.stabstr)

.stab.excl
 *(.stab.excl)

.stab.exclstr
 *(.stab.exclstr)

.stab.index
 *(.stab.index)

.stab.indexstr
 *(.stab.indexstr)

.comment        0x00000000       0x7e
 *(.comment)
 .comment       0x00000000       0x7e ./system/src/stm32f4-hal/stm32f4xx_hal.o
                                 0x7f (size before relaxing)
 .comment       0x0000007e       0x7f ./system/src/stm32f4-hal/stm32f4xx_hal_cortex.o
 .comment       0x0000007e       0x7f ./system/src/stm32f4-hal/stm32f4xx_hal_rcc.o
 .comment       0x0000007e       0x7f ./system/src/newlib/_exit.o
 .comment       0x0000007e       0x7f ./system/src/newlib/_sbrk.o
 .comment       0x0000007e       0x7f ./system/src/newlib/_startup.o
 .comment       0x0000007e       0x7f ./system/src/newlib/_syscalls.o
 .comment       0x0000007e       0x7f ./system/src/newlib/assert.o
 .comment       0x0000007e       0x7f ./system/src/diag/Trace.o
 .comment       0x0000007e       0x7f ./system/src/diag/trace_impl.o
 .comment       0x0000007e       0x7f ./system/src/cortexm/_initialize_hardware.o
 .comment       0x0000007e       0x7f ./system/src/cortexm/exception_handlers.o
 .comment       0x0000007e       0x7f ./system/src/cmsis/system_stm32f4xx.o
 .comment       0x0000007e       0x7f ./system/src/cmsis/vectors_stm32f401xc.o
 .comment       0x0000007e       0x7f ./src/MCAL/UART/UART.o
 .comment       0x0000007e       0x7f ./src/MCAL/SYSTICK/SYSTICK.o
 .comment       0x0000007e       0x7f ./src/MCAL/RCC/RCC.o
 .comment       0x0000007e       0x7f ./src/MCAL/GPIO/GPIO.o
 .comment       0x0000007e       0x7f ./src/MCAL/ADC/ACD.o
 .comment       0x0000007e       0x7f ./src/HAL/Motor_Driver/HMotor_Prog.o
 .comment       0x0000007e       0x7f ./src/HAL/LM35/LM35.o
 .comment       0x0000007e       0x7f ./src/HAL/LCD/LCD.o
 .comment       0x0000007e       0x7f ./src/HAL/LCD/LCD_cfg.o
 .comment       0x0000007e       0x7f ./src/_initialize_hardware.o
 .comment       0x0000007e       0x7f ./src/main.o
 .comment       0x0000007e       0x7f ./src/stm32f4xx_hal_msp.o

.ARM.attributes
                0x00000000       0x31
 .ARM.attributes
                0x00000000       0x33 ./system/src/stm32f4-hal/stm32f4xx_hal.o
 .ARM.attributes
                0x00000033       0x33 ./system/src/stm32f4-hal/stm32f4xx_hal_cortex.o
 .ARM.attributes
                0x00000066       0x33 ./system/src/stm32f4-hal/stm32f4xx_hal_rcc.o
 .ARM.attributes
                0x00000099       0x33 ./system/src/newlib/_exit.o
 .ARM.attributes
                0x000000cc       0x33 ./system/src/newlib/_sbrk.o
 .ARM.attributes
                0x000000ff       0x33 ./system/src/newlib/_startup.o
 .ARM.attributes
                0x00000132       0x33 ./system/src/newlib/_syscalls.o
 .ARM.attributes
                0x00000165       0x33 ./system/src/newlib/assert.o
 .ARM.attributes
                0x00000198       0x33 ./system/src/diag/Trace.o
 .ARM.attributes
                0x000001cb       0x33 ./system/src/diag/trace_impl.o
 .ARM.attributes
                0x000001fe       0x33 ./system/src/cortexm/_initialize_hardware.o
 .ARM.attributes
                0x00000231       0x33 ./system/src/cortexm/exception_handlers.o
 .ARM.attributes
                0x00000264       0x33 ./system/src/cmsis/system_stm32f4xx.o
 .ARM.attributes
                0x00000297       0x33 ./system/src/cmsis/vectors_stm32f401xc.o
 .ARM.attributes
                0x000002ca       0x33 ./src/MCAL/UART/UART.o
 .ARM.attributes
                0x000002fd       0x33 ./src/MCAL/SYSTICK/SYSTICK.o
 .ARM.attributes
                0x00000330       0x33 ./src/MCAL/RCC/RCC.o
 .ARM.attributes
                0x00000363       0x33 ./src/MCAL/GPIO/GPIO.o
 .ARM.attributes
                0x00000396       0x33 ./src/MCAL/ADC/ACD.o
 .ARM.attributes
                0x000003c9       0x33 ./src/HAL/Motor_Driver/HMotor_Prog.o
 .ARM.attributes
                0x000003fc       0x33 ./src/HAL/LM35/LM35.o
 .ARM.attributes
                0x0000042f       0x33 ./src/HAL/LCD/LCD.o
 .ARM.attributes
                0x00000462       0x33 ./src/HAL/LCD/LCD_cfg.o
 .ARM.attributes
                0x00000495       0x33 ./src/_initialize_hardware.o
 .ARM.attributes
                0x000004c8       0x33 ./src/main.o
 .ARM.attributes
                0x000004fb       0x33 ./src/stm32f4xx_hal_msp.o
 .ARM.attributes
                0x0000052e       0x1e f:/advanced_embedded/01- imt sdk/imt_sdk_win_64/imt_sdk_win_64/winarm/armgcc/bin/../lib/gcc/arm-none-eabi/7.2.1/thumb/v7e-m\libgcc.a(_arm_addsubdf3.o)
 .ARM.attributes
                0x0000054c       0x1e f:/advanced_embedded/01- imt sdk/imt_sdk_win_64/imt_sdk_win_64/winarm/armgcc/bin/../lib/gcc/arm-none-eabi/7.2.1/thumb/v7e-m\libgcc.a(_arm_muldivdf3.o)
 .ARM.attributes
                0x0000056a       0x1e f:/advanced_embedded/01- imt sdk/imt_sdk_win_64/imt_sdk_win_64/winarm/armgcc/bin/../lib/gcc/arm-none-eabi/7.2.1/thumb/v7e-m\libgcc.a(_arm_cmpdf2.o)
 .ARM.attributes
                0x00000588       0x1e f:/advanced_embedded/01- imt sdk/imt_sdk_win_64/imt_sdk_win_64/winarm/armgcc/bin/../lib/gcc/arm-none-eabi/7.2.1/thumb/v7e-m\libgcc.a(_arm_fixunsdfsi.o)
 .ARM.attributes
                0x000005a6       0x1e f:/advanced_embedded/01- imt sdk/imt_sdk_win_64/imt_sdk_win_64/winarm/armgcc/bin/../lib/gcc/arm-none-eabi/7.2.1/thumb/v7e-m\libgcc.a(_arm_truncdfsf2.o)
 .ARM.attributes
                0x000005c4       0x1e f:/advanced_embedded/01- imt sdk/imt_sdk_win_64/imt_sdk_win_64/winarm/armgcc/bin/../lib/gcc/arm-none-eabi/7.2.1/thumb/v7e-m\libgcc.a(_arm_addsubsf3.o)
 .ARM.attributes
                0x000005e2       0x1e f:/advanced_embedded/01- imt sdk/imt_sdk_win_64/imt_sdk_win_64/winarm/armgcc/bin/../lib/gcc/arm-none-eabi/7.2.1/thumb/v7e-m\libgcc.a(_arm_muldivsf3.o)
 .ARM.attributes
                0x00000600       0x1e f:/advanced_embedded/01- imt sdk/imt_sdk_win_64/imt_sdk_win_64/winarm/armgcc/bin/../lib/gcc/arm-none-eabi/7.2.1/thumb/v7e-m\libgcc.a(_arm_cmpsf2.o)
 .ARM.attributes
                0x0000061e       0x1e f:/advanced_embedded/01- imt sdk/imt_sdk_win_64/imt_sdk_win_64/winarm/armgcc/bin/../lib/gcc/arm-none-eabi/7.2.1/thumb/v7e-m\libgcc.a(_arm_fixsfsi.o)
 .ARM.attributes
                0x0000063c       0x1e f:/advanced_embedded/01- imt sdk/imt_sdk_win_64/imt_sdk_win_64/winarm/armgcc/bin/../lib/gcc/arm-none-eabi/7.2.1/thumb/v7e-m\libgcc.a(_arm_fixunssfsi.o)
 .ARM.attributes
                0x0000065a       0x2e f:/advanced_embedded/01- imt sdk/imt_sdk_win_64/imt_sdk_win_64/winarm/armgcc/bin/../lib/gcc/arm-none-eabi/7.2.1/../../../../arm-none-eabi/lib/thumb/v7e-m\libg_nano.a(lib_a-errno.o)
 .ARM.attributes
                0x00000688       0x2e f:/advanced_embedded/01- imt sdk/imt_sdk_win_64/imt_sdk_win_64/winarm/armgcc/bin/../lib/gcc/arm-none-eabi/7.2.1/../../../../arm-none-eabi/lib/thumb/v7e-m\libg_nano.a(lib_a-impure.o)
 .ARM.attributes
                0x000006b6       0x17 f:/advanced_embedded/01- imt sdk/imt_sdk_win_64/imt_sdk_win_64/winarm/armgcc/bin/../lib/gcc/arm-none-eabi/7.2.1/../../../../arm-none-eabi/lib/thumb/v7e-m\libg_nano.a(lib_a-strlen.o)
 .ARM.attributes
                0x000006cd       0x2e f:/advanced_embedded/01- imt sdk/imt_sdk_win_64/imt_sdk_win_64/winarm/armgcc/bin/../lib/gcc/arm-none-eabi/7.2.1/../../../../arm-none-eabi/lib/thumb/v7e-m\libg_nano.a(lib_a-vsnprintf.o)
 .ARM.attributes
                0x000006fb       0x2e f:/advanced_embedded/01- imt sdk/imt_sdk_win_64/imt_sdk_win_64/winarm/armgcc/bin/../lib/gcc/arm-none-eabi/7.2.1/../../../../arm-none-eabi/lib/thumb/v7e-m\libg_nano.a(lib_a-findfp.o)
 .ARM.attributes
                0x00000729       0x2e f:/advanced_embedded/01- imt sdk/imt_sdk_win_64/imt_sdk_win_64/winarm/armgcc/bin/../lib/gcc/arm-none-eabi/7.2.1/../../../../arm-none-eabi/lib/thumb/v7e-m\libg_nano.a(lib_a-nano-mallocr.o)
 .ARM.attributes
                0x00000757       0x2e f:/advanced_embedded/01- imt sdk/imt_sdk_win_64/imt_sdk_win_64/winarm/armgcc/bin/../lib/gcc/arm-none-eabi/7.2.1/../../../../arm-none-eabi/lib/thumb/v7e-m\libg_nano.a(lib_a-nano-svfprintf.o)
 .ARM.attributes
                0x00000785       0x2e f:/advanced_embedded/01- imt sdk/imt_sdk_win_64/imt_sdk_win_64/winarm/armgcc/bin/../lib/gcc/arm-none-eabi/7.2.1/../../../../arm-none-eabi/lib/thumb/v7e-m\libg_nano.a(lib_a-nano-vfprintf_i.o)
 .ARM.attributes
                0x000007b3       0x2e f:/advanced_embedded/01- imt sdk/imt_sdk_win_64/imt_sdk_win_64/winarm/armgcc/bin/../lib/gcc/arm-none-eabi/7.2.1/../../../../arm-none-eabi/lib/thumb/v7e-m\libg_nano.a(lib_a-sbrkr.o)
 .ARM.attributes
                0x000007e1       0x1c f:/advanced_embedded/01- imt sdk/imt_sdk_win_64/imt_sdk_win_64/winarm/armgcc/bin/../lib/gcc/arm-none-eabi/7.2.1/../../../../arm-none-eabi/lib/thumb/v7e-m\libg_nano.a(lib_a-memchr.o)
 .ARM.attributes
                0x000007fd       0x2e f:/advanced_embedded/01- imt sdk/imt_sdk_win_64/imt_sdk_win_64/winarm/armgcc/bin/../lib/gcc/arm-none-eabi/7.2.1/../../../../arm-none-eabi/lib/thumb/v7e-m\libg_nano.a(lib_a-memcpy-stub.o)
 .ARM.attributes
                0x0000082b       0x2e f:/advanced_embedded/01- imt sdk/imt_sdk_win_64/imt_sdk_win_64/winarm/armgcc/bin/../lib/gcc/arm-none-eabi/7.2.1/../../../../arm-none-eabi/lib/thumb/v7e-m\libg_nano.a(lib_a-memmove.o)
 .ARM.attributes
                0x00000859       0x2e f:/advanced_embedded/01- imt sdk/imt_sdk_win_64/imt_sdk_win_64/winarm/armgcc/bin/../lib/gcc/arm-none-eabi/7.2.1/../../../../arm-none-eabi/lib/thumb/v7e-m\libg_nano.a(lib_a-mlock.o)
 .ARM.attributes
                0x00000887       0x2e f:/advanced_embedded/01- imt sdk/imt_sdk_win_64/imt_sdk_win_64/winarm/armgcc/bin/../lib/gcc/arm-none-eabi/7.2.1/../../../../arm-none-eabi/lib/thumb/v7e-m\libg_nano.a(lib_a-nano-freer.o)
 .ARM.attributes
                0x000008b5       0x2e f:/advanced_embedded/01- imt sdk/imt_sdk_win_64/imt_sdk_win_64/winarm/armgcc/bin/../lib/gcc/arm-none-eabi/7.2.1/../../../../arm-none-eabi/lib/thumb/v7e-m\libg_nano.a(lib_a-nano-reallocr.o)
 .ARM.attributes
                0x000008e3       0x2e f:/advanced_embedded/01- imt sdk/imt_sdk_win_64/imt_sdk_win_64/winarm/armgcc/bin/../lib/gcc/arm-none-eabi/7.2.1/../../../../arm-none-eabi/lib/thumb/v7e-m\libg_nano.a(lib_a-nano-msizer.o)

.debug
 *(.debug)

.line
 *(.line)

.debug_srcinfo
 *(.debug_srcinfo)

.debug_sfnames
 *(.debug_sfnames)

.debug_aranges  0x00000000      0x6b8
 *(.debug_aranges)
 .debug_aranges
                0x00000000       0xc0 ./system/src/stm32f4-hal/stm32f4xx_hal.o
 .debug_aranges
                0x000000c0       0x98 ./system/src/stm32f4-hal/stm32f4xx_hal_cortex.o
 .debug_aranges
                0x00000158       0x88 ./system/src/stm32f4-hal/stm32f4xx_hal_rcc.o
 .debug_aranges
                0x000001e0       0x28 ./system/src/newlib/_exit.o
 .debug_aranges
                0x00000208       0x20 ./system/src/newlib/_sbrk.o
 .debug_aranges
                0x00000228       0x40 ./system/src/newlib/_startup.o
 .debug_aranges
                0x00000268       0x30 ./system/src/newlib/_syscalls.o
 .debug_aranges
                0x00000298       0x28 ./system/src/newlib/assert.o
 .debug_aranges
                0x000002c0       0x38 ./system/src/diag/Trace.o
 .debug_aranges
                0x000002f8       0x30 ./system/src/diag/trace_impl.o
 .debug_aranges
                0x00000328       0x28 ./system/src/cortexm/_initialize_hardware.o
 .debug_aranges
                0x00000350       0x90 ./system/src/cortexm/exception_handlers.o
 .debug_aranges
                0x000003e0       0x28 ./system/src/cmsis/system_stm32f4xx.o
 .debug_aranges
                0x00000408       0x20 ./system/src/cmsis/vectors_stm32f401xc.o
 .debug_aranges
                0x00000428       0x38 ./src/MCAL/UART/UART.o
 .debug_aranges
                0x00000460       0x68 ./src/MCAL/SYSTICK/SYSTICK.o
 .debug_aranges
                0x000004c8       0x38 ./src/MCAL/RCC/RCC.o
 .debug_aranges
                0x00000500       0x60 ./src/MCAL/GPIO/GPIO.o
 .debug_aranges
                0x00000560       0x28 ./src/MCAL/ADC/ACD.o
 .debug_aranges
                0x00000588       0x28 ./src/HAL/Motor_Driver/HMotor_Prog.o
 .debug_aranges
                0x000005b0       0x20 ./src/HAL/LM35/LM35.o
 .debug_aranges
                0x000005d0       0x50 ./src/HAL/LCD/LCD.o
 .debug_aranges
                0x00000620       0x18 ./src/HAL/LCD/LCD_cfg.o
 .debug_aranges
                0x00000638       0x28 ./src/_initialize_hardware.o
 .debug_aranges
                0x00000660       0x20 ./src/main.o
 .debug_aranges
                0x00000680       0x38 ./src/stm32f4xx_hal_msp.o

.debug_pubnames
 *(.debug_pubnames)

.debug_info     0x00000000     0xe288
 *(.debug_info .gnu.linkonce.wi.*)
 .debug_info    0x00000000     0x107e ./system/src/stm32f4-hal/stm32f4xx_hal.o
 .debug_info    0x0000107e     0x1863 ./system/src/stm32f4-hal/stm32f4xx_hal_cortex.o
 .debug_info    0x000028e1     0x177e ./system/src/stm32f4-hal/stm32f4xx_hal_rcc.o
 .debug_info    0x0000405f      0x956 ./system/src/newlib/_exit.o
 .debug_info    0x000049b5      0x942 ./system/src/newlib/_sbrk.o
 .debug_info    0x000052f7      0x4bf ./system/src/newlib/_startup.o
 .debug_info    0x000057b6      0xa19 ./system/src/newlib/_syscalls.o
 .debug_info    0x000061cf      0x9ff ./system/src/newlib/assert.o
 .debug_info    0x00006bce      0xb2a ./system/src/diag/Trace.o
 .debug_info    0x000076f8      0xb6b ./system/src/diag/trace_impl.o
 .debug_info    0x00008263      0xade ./system/src/cortexm/_initialize_hardware.o
 .debug_info    0x00008d41     0x115a ./system/src/cortexm/exception_handlers.o
 .debug_info    0x00009e9b      0xcfe ./system/src/cmsis/system_stm32f4xx.o
 .debug_info    0x0000ab99       0xca ./system/src/cmsis/vectors_stm32f401xc.o
 .debug_info    0x0000ac63      0x236 ./src/MCAL/UART/UART.o
 .debug_info    0x0000ae99      0x283 ./src/MCAL/SYSTICK/SYSTICK.o
 .debug_info    0x0000b11c      0x354 ./src/MCAL/RCC/RCC.o
 .debug_info    0x0000b470      0x4b4 ./src/MCAL/GPIO/GPIO.o
 .debug_info    0x0000b924      0x215 ./src/MCAL/ADC/ACD.o
 .debug_info    0x0000bb39      0x17f ./src/HAL/Motor_Driver/HMotor_Prog.o
 .debug_info    0x0000bcb8       0xb3 ./src/HAL/LM35/LM35.o
 .debug_info    0x0000bd6b      0x851 ./src/HAL/LCD/LCD.o
 .debug_info    0x0000c5bc      0x1a7 ./src/HAL/LCD/LCD_cfg.o
 .debug_info    0x0000c763      0xd34 ./src/_initialize_hardware.o
 .debug_info    0x0000d497      0x4e2 ./src/main.o
 .debug_info    0x0000d979      0x90f ./src/stm32f4xx_hal_msp.o

.debug_abbrev   0x00000000     0x2ec9
 *(.debug_abbrev)
 .debug_abbrev  0x00000000      0x32b ./system/src/stm32f4-hal/stm32f4xx_hal.o
 .debug_abbrev  0x0000032b      0x3f1 ./system/src/stm32f4-hal/stm32f4xx_hal_cortex.o
 .debug_abbrev  0x0000071c      0x394 ./system/src/stm32f4-hal/stm32f4xx_hal_rcc.o
 .debug_abbrev  0x00000ab0      0x1f3 ./system/src/newlib/_exit.o
 .debug_abbrev  0x00000ca3      0x1fc ./system/src/newlib/_sbrk.o
 .debug_abbrev  0x00000e9f      0x1cb ./system/src/newlib/_startup.o
 .debug_abbrev  0x0000106a      0x234 ./system/src/newlib/_syscalls.o
 .debug_abbrev  0x0000129e      0x1f3 ./system/src/newlib/assert.o
 .debug_abbrev  0x00001491      0x276 ./system/src/diag/Trace.o
 .debug_abbrev  0x00001707      0x2ef ./system/src/diag/trace_impl.o
 .debug_abbrev  0x000019f6      0x1de ./system/src/cortexm/_initialize_hardware.o
 .debug_abbrev  0x00001bd4      0x32b ./system/src/cortexm/exception_handlers.o
 .debug_abbrev  0x00001eff      0x216 ./system/src/cmsis/system_stm32f4xx.o
 .debug_abbrev  0x00002115       0x9d ./system/src/cmsis/vectors_stm32f401xc.o
 .debug_abbrev  0x000021b2      0x103 ./src/MCAL/UART/UART.o
 .debug_abbrev  0x000022b5      0x11f ./src/MCAL/SYSTICK/SYSTICK.o
 .debug_abbrev  0x000023d4       0xed ./src/MCAL/RCC/RCC.o
 .debug_abbrev  0x000024c1      0x106 ./src/MCAL/GPIO/GPIO.o
 .debug_abbrev  0x000025c7       0xc5 ./src/MCAL/ADC/ACD.o
 .debug_abbrev  0x0000268c       0x8d ./src/HAL/Motor_Driver/HMotor_Prog.o
 .debug_abbrev  0x00002719       0x67 ./src/HAL/LM35/LM35.o
 .debug_abbrev  0x00002780      0x1d6 ./src/HAL/LCD/LCD.o
 .debug_abbrev  0x00002956       0x8c ./src/HAL/LCD/LCD_cfg.o
 .debug_abbrev  0x000029e2      0x22d ./src/_initialize_hardware.o
 .debug_abbrev  0x00002c0f      0x109 ./src/main.o
 .debug_abbrev  0x00002d18      0x1b1 ./src/stm32f4xx_hal_msp.o

.debug_line     0x00000000     0x8f9e
 *(.debug_line)
 .debug_line    0x00000000      0xbe8 ./system/src/stm32f4-hal/stm32f4xx_hal.o
 .debug_line    0x00000be8      0xcdf ./system/src/stm32f4-hal/stm32f4xx_hal_cortex.o
 .debug_line    0x000018c7      0xe6a ./system/src/stm32f4-hal/stm32f4xx_hal_rcc.o
 .debug_line    0x00002731      0x3ab ./system/src/newlib/_exit.o
 .debug_line    0x00002adc      0x35f ./system/src/newlib/_sbrk.o
 .debug_line    0x00002e3b      0x427 ./system/src/newlib/_startup.o
 .debug_line    0x00003262      0x48c ./system/src/newlib/_syscalls.o
 .debug_line    0x000036ee      0x3e6 ./system/src/newlib/assert.o
 .debug_line    0x00003ad4      0x427 ./system/src/diag/Trace.o
 .debug_line    0x00003efb      0xb1b ./system/src/diag/trace_impl.o
 .debug_line    0x00004a16      0xa84 ./system/src/cortexm/_initialize_hardware.o
 .debug_line    0x0000549a      0xbd2 ./system/src/cortexm/exception_handlers.o
 .debug_line    0x0000606c      0xa8a ./system/src/cmsis/system_stm32f4xx.o
 .debug_line    0x00006af6      0x119 ./system/src/cmsis/vectors_stm32f401xc.o
 .debug_line    0x00006c0f       0xfe ./src/MCAL/UART/UART.o
 .debug_line    0x00006d0d      0x171 ./src/MCAL/SYSTICK/SYSTICK.o
 .debug_line    0x00006e7e      0x10d ./src/MCAL/RCC/RCC.o
 .debug_line    0x00006f8b      0x207 ./src/MCAL/GPIO/GPIO.o
 .debug_line    0x00007192      0x157 ./src/MCAL/ADC/ACD.o
 .debug_line    0x000072e9       0xda ./src/HAL/Motor_Driver/HMotor_Prog.o
 .debug_line    0x000073c3       0xdc ./src/HAL/LM35/LM35.o
 .debug_line    0x0000749f      0x2d6 ./src/HAL/LCD/LCD.o
 .debug_line    0x00007775       0xdc ./src/HAL/LCD/LCD_cfg.o
 .debug_line    0x00007851      0xa7d ./src/_initialize_hardware.o
 .debug_line    0x000082ce      0x252 ./src/main.o
 .debug_line    0x00008520      0xa7e ./src/stm32f4xx_hal_msp.o

.debug_frame    0x00000000     0x1510
 *(.debug_frame)
 .debug_frame   0x00000000      0x188 ./system/src/stm32f4-hal/stm32f4xx_hal.o
 .debug_frame   0x00000188      0x17c ./system/src/stm32f4-hal/stm32f4xx_hal_cortex.o
 .debug_frame   0x00000304      0x140 ./system/src/stm32f4-hal/stm32f4xx_hal_rcc.o
 .debug_frame   0x00000444       0x38 ./system/src/newlib/_exit.o
 .debug_frame   0x0000047c       0x28 ./system/src/newlib/_sbrk.o
 .debug_frame   0x000004a4       0x7c ./system/src/newlib/_startup.o
 .debug_frame   0x00000520       0x50 ./system/src/newlib/_syscalls.o
 .debug_frame   0x00000570       0x40 ./system/src/newlib/assert.o
 .debug_frame   0x000005b0       0x94 ./system/src/diag/Trace.o
 .debug_frame   0x00000644       0x64 ./system/src/diag/trace_impl.o
 .debug_frame   0x000006a8       0x40 ./system/src/cortexm/_initialize_hardware.o
 .debug_frame   0x000006e8      0x158 ./system/src/cortexm/exception_handlers.o
 .debug_frame   0x00000840       0x30 ./system/src/cmsis/system_stm32f4xx.o
 .debug_frame   0x00000870       0x20 ./system/src/cmsis/vectors_stm32f401xc.o
 .debug_frame   0x00000890       0x5c ./src/MCAL/UART/UART.o
 .debug_frame   0x000008ec       0xc8 ./src/MCAL/SYSTICK/SYSTICK.o
 .debug_frame   0x000009b4       0x60 ./src/MCAL/RCC/RCC.o
 .debug_frame   0x00000a14       0xe8 ./src/MCAL/GPIO/GPIO.o
 .debug_frame   0x00000afc       0x40 ./src/MCAL/ADC/ACD.o
 .debug_frame   0x00000b3c       0x48 ./src/HAL/Motor_Driver/HMotor_Prog.o
 .debug_frame   0x00000b84       0x28 ./src/HAL/LM35/LM35.o
 .debug_frame   0x00000bac      0x11c ./src/HAL/LCD/LCD.o
 .debug_frame   0x00000cc8       0x4c ./src/_initialize_hardware.o
 .debug_frame   0x00000d14       0x2c ./src/main.o
 .debug_frame   0x00000d40       0x50 ./src/stm32f4xx_hal_msp.o
 .debug_frame   0x00000d90       0xac f:/advanced_embedded/01- imt sdk/imt_sdk_win_64/imt_sdk_win_64/winarm/armgcc/bin/../lib/gcc/arm-none-eabi/7.2.1/thumb/v7e-m\libgcc.a(_arm_addsubdf3.o)
 .debug_frame   0x00000e3c       0x50 f:/advanced_embedded/01- imt sdk/imt_sdk_win_64/imt_sdk_win_64/winarm/armgcc/bin/../lib/gcc/arm-none-eabi/7.2.1/thumb/v7e-m\libgcc.a(_arm_muldivdf3.o)
 .debug_frame   0x00000e8c       0xc4 f:/advanced_embedded/01- imt sdk/imt_sdk_win_64/imt_sdk_win_64/winarm/armgcc/bin/../lib/gcc/arm-none-eabi/7.2.1/thumb/v7e-m\libgcc.a(_arm_cmpdf2.o)
 .debug_frame   0x00000f50       0x24 f:/advanced_embedded/01- imt sdk/imt_sdk_win_64/imt_sdk_win_64/winarm/armgcc/bin/../lib/gcc/arm-none-eabi/7.2.1/thumb/v7e-m\libgcc.a(_arm_fixunsdfsi.o)
 .debug_frame   0x00000f74       0x24 f:/advanced_embedded/01- imt sdk/imt_sdk_win_64/imt_sdk_win_64/winarm/armgcc/bin/../lib/gcc/arm-none-eabi/7.2.1/thumb/v7e-m\libgcc.a(_arm_truncdfsf2.o)
 .debug_frame   0x00000f98       0x4c f:/advanced_embedded/01- imt sdk/imt_sdk_win_64/imt_sdk_win_64/winarm/armgcc/bin/../lib/gcc/arm-none-eabi/7.2.1/thumb/v7e-m\libgcc.a(_arm_addsubsf3.o)
 .debug_frame   0x00000fe4       0x38 f:/advanced_embedded/01- imt sdk/imt_sdk_win_64/imt_sdk_win_64/winarm/armgcc/bin/../lib/gcc/arm-none-eabi/7.2.1/thumb/v7e-m\libgcc.a(_arm_muldivsf3.o)
 .debug_frame   0x0000101c       0xc8 f:/advanced_embedded/01- imt sdk/imt_sdk_win_64/imt_sdk_win_64/winarm/armgcc/bin/../lib/gcc/arm-none-eabi/7.2.1/thumb/v7e-m\libgcc.a(_arm_cmpsf2.o)
 .debug_frame   0x000010e4       0x24 f:/advanced_embedded/01- imt sdk/imt_sdk_win_64/imt_sdk_win_64/winarm/armgcc/bin/../lib/gcc/arm-none-eabi/7.2.1/thumb/v7e-m\libgcc.a(_arm_fixsfsi.o)
 .debug_frame   0x00001108       0x24 f:/advanced_embedded/01- imt sdk/imt_sdk_win_64/imt_sdk_win_64/winarm/armgcc/bin/../lib/gcc/arm-none-eabi/7.2.1/thumb/v7e-m\libgcc.a(_arm_fixunssfsi.o)
 .debug_frame   0x0000112c       0x20 f:/advanced_embedded/01- imt sdk/imt_sdk_win_64/imt_sdk_win_64/winarm/armgcc/bin/../lib/gcc/arm-none-eabi/7.2.1/../../../../arm-none-eabi/lib/thumb/v7e-m\libg_nano.a(lib_a-errno.o)
 .debug_frame   0x0000114c       0x4c f:/advanced_embedded/01- imt sdk/imt_sdk_win_64/imt_sdk_win_64/winarm/armgcc/bin/../lib/gcc/arm-none-eabi/7.2.1/../../../../arm-none-eabi/lib/thumb/v7e-m\libg_nano.a(lib_a-vsnprintf.o)
 .debug_frame   0x00001198      0x11c f:/advanced_embedded/01- imt sdk/imt_sdk_win_64/imt_sdk_win_64/winarm/armgcc/bin/../lib/gcc/arm-none-eabi/7.2.1/../../../../arm-none-eabi/lib/thumb/v7e-m\libg_nano.a(lib_a-findfp.o)
 .debug_frame   0x000012b4       0x2c f:/advanced_embedded/01- imt sdk/imt_sdk_win_64/imt_sdk_win_64/winarm/armgcc/bin/../lib/gcc/arm-none-eabi/7.2.1/../../../../arm-none-eabi/lib/thumb/v7e-m\libg_nano.a(lib_a-nano-mallocr.o)
 .debug_frame   0x000012e0       0x90 f:/advanced_embedded/01- imt sdk/imt_sdk_win_64/imt_sdk_win_64/winarm/armgcc/bin/../lib/gcc/arm-none-eabi/7.2.1/../../../../arm-none-eabi/lib/thumb/v7e-m\libg_nano.a(lib_a-nano-svfprintf.o)
 .debug_frame   0x00001370       0x60 f:/advanced_embedded/01- imt sdk/imt_sdk_win_64/imt_sdk_win_64/winarm/armgcc/bin/../lib/gcc/arm-none-eabi/7.2.1/../../../../arm-none-eabi/lib/thumb/v7e-m\libg_nano.a(lib_a-nano-vfprintf_i.o)
 .debug_frame   0x000013d0       0x2c f:/advanced_embedded/01- imt sdk/imt_sdk_win_64/imt_sdk_win_64/winarm/armgcc/bin/../lib/gcc/arm-none-eabi/7.2.1/../../../../arm-none-eabi/lib/thumb/v7e-m\libg_nano.a(lib_a-sbrkr.o)
 .debug_frame   0x000013fc       0x28 f:/advanced_embedded/01- imt sdk/imt_sdk_win_64/imt_sdk_win_64/winarm/armgcc/bin/../lib/gcc/arm-none-eabi/7.2.1/../../../../arm-none-eabi/lib/thumb/v7e-m\libg_nano.a(lib_a-memcpy-stub.o)
 .debug_frame   0x00001424       0x28 f:/advanced_embedded/01- imt sdk/imt_sdk_win_64/imt_sdk_win_64/winarm/armgcc/bin/../lib/gcc/arm-none-eabi/7.2.1/../../../../arm-none-eabi/lib/thumb/v7e-m\libg_nano.a(lib_a-memmove.o)
 .debug_frame   0x0000144c       0x30 f:/advanced_embedded/01- imt sdk/imt_sdk_win_64/imt_sdk_win_64/winarm/armgcc/bin/../lib/gcc/arm-none-eabi/7.2.1/../../../../arm-none-eabi/lib/thumb/v7e-m\libg_nano.a(lib_a-mlock.o)
 .debug_frame   0x0000147c       0x38 f:/advanced_embedded/01- imt sdk/imt_sdk_win_64/imt_sdk_win_64/winarm/armgcc/bin/../lib/gcc/arm-none-eabi/7.2.1/../../../../arm-none-eabi/lib/thumb/v7e-m\libg_nano.a(lib_a-nano-freer.o)
 .debug_frame   0x000014b4       0x3c f:/advanced_embedded/01- imt sdk/imt_sdk_win_64/imt_sdk_win_64/winarm/armgcc/bin/../lib/gcc/arm-none-eabi/7.2.1/../../../../arm-none-eabi/lib/thumb/v7e-m\libg_nano.a(lib_a-nano-reallocr.o)
 .debug_frame   0x000014f0       0x20 f:/advanced_embedded/01- imt sdk/imt_sdk_win_64/imt_sdk_win_64/winarm/armgcc/bin/../lib/gcc/arm-none-eabi/7.2.1/../../../../arm-none-eabi/lib/thumb/v7e-m\libg_nano.a(lib_a-nano-msizer.o)

.debug_str      0x00000000    0x7515f
 *(.debug_str)
 .debug_str     0x00000000    0x6fba3 ./system/src/stm32f4-hal/stm32f4xx_hal.o
                              0x70074 (size before relaxing)
 .debug_str     0x0006fba3      0x396 ./system/src/stm32f4-hal/stm32f4xx_hal_cortex.o
                              0x6fede (size before relaxing)
 .debug_str     0x0006ff39      0x3d0 ./system/src/stm32f4-hal/stm32f4xx_hal_rcc.o
                              0x6fbf6 (size before relaxing)
 .debug_str     0x00070309     0x10ff ./system/src/newlib/_exit.o
                               0x7ed5 (size before relaxing)
 .debug_str     0x00071408      0x4f5 ./system/src/newlib/_sbrk.o
                               0x7287 (size before relaxing)
 .debug_str     0x000718fd      0x2c6 ./system/src/newlib/_startup.o
                               0x6a28 (size before relaxing)
 .debug_str     0x00071bc3      0xe8b ./system/src/newlib/_syscalls.o
                               0x8162 (size before relaxing)
 .debug_str     0x00072a4e       0xd0 ./system/src/newlib/assert.o
                               0x89da (size before relaxing)
 .debug_str     0x00072b1e      0x176 ./system/src/diag/Trace.o
                               0x864d (size before relaxing)
 .debug_str     0x00072c94      0x37b ./system/src/diag/trace_impl.o
                              0x70973 (size before relaxing)
 .debug_str     0x0007300f       0x5e ./system/src/cortexm/_initialize_hardware.o
                              0x6f705 (size before relaxing)
 .debug_str     0x0007306d      0x19d ./system/src/cortexm/exception_handlers.o
                              0x70afd (size before relaxing)
 .debug_str     0x0007320a       0x46 ./system/src/cmsis/system_stm32f4xx.o
                              0x6f7e6 (size before relaxing)
 .debug_str     0x00073250       0x59 ./system/src/cmsis/vectors_stm32f401xc.o
                               0x3865 (size before relaxing)
 .debug_str     0x000732a9      0x6f5 ./src/MCAL/UART/UART.o
                               0x3469 (size before relaxing)
 .debug_str     0x0007399e      0x20b ./src/MCAL/SYSTICK/SYSTICK.o
                               0x30b0 (size before relaxing)
 .debug_str     0x00073ba9      0x63d ./src/MCAL/RCC/RCC.o
                               0x34f0 (size before relaxing)
 .debug_str     0x000741e6      0x866 ./src/MCAL/GPIO/GPIO.o
                               0x3713 (size before relaxing)
 .debug_str     0x00074a4c      0x24a ./src/MCAL/ADC/ACD.o
                               0x395d (size before relaxing)
 .debug_str     0x00074c96       0x73 ./src/HAL/Motor_Driver/HMotor_Prog.o
                               0x32a8 (size before relaxing)
 .debug_str     0x00074d09       0x7f ./src/HAL/LM35/LM35.o
                               0x32ce (size before relaxing)
 .debug_str     0x00074d88      0x32c ./src/HAL/LCD/LCD.o
                               0x376d (size before relaxing)
 .debug_str     0x000750b4       0x19 ./src/HAL/LCD/LCD_cfg.o
                               0x3492 (size before relaxing)
 .debug_str     0x000750cd       0x31 ./src/_initialize_hardware.o
                              0x6f8fc (size before relaxing)
 .debug_str     0x000750fe       0x24 ./src/main.o
                               0x3d9f (size before relaxing)
 .debug_str     0x00075122       0x3d ./src/stm32f4xx_hal_msp.o
                              0x6f64d (size before relaxing)

.debug_loc      0x00000000     0x2e27
 *(.debug_loc)
 .debug_loc     0x00000000       0x92 ./system/src/stm32f4-hal/stm32f4xx_hal.o
 .debug_loc     0x00000092      0x73b ./system/src/stm32f4-hal/stm32f4xx_hal_cortex.o
 .debug_loc     0x000007cd      0x50a ./system/src/stm32f4-hal/stm32f4xx_hal_rcc.o
 .debug_loc     0x00000cd7       0x85 ./system/src/newlib/_sbrk.o
 .debug_loc     0x00000d5c      0x2cb ./system/src/newlib/_startup.o
 .debug_loc     0x00001027       0x63 ./system/src/newlib/_syscalls.o
 .debug_loc     0x0000108a      0x134 ./system/src/newlib/assert.o
 .debug_loc     0x000011be       0xf6 ./system/src/diag/Trace.o
 .debug_loc     0x000012b4      0x121 ./system/src/diag/trace_impl.o
 .debug_loc     0x000013d5      0x291 ./system/src/cortexm/exception_handlers.o
 .debug_loc     0x00001666      0x13e ./system/src/cmsis/system_stm32f4xx.o
 .debug_loc     0x000017a4       0x54 ./src/MCAL/UART/UART.o
 .debug_loc     0x000017f8       0x6a ./src/MCAL/SYSTICK/SYSTICK.o
 .debug_loc     0x00001862      0x1ea ./src/MCAL/RCC/RCC.o
 .debug_loc     0x00001a4c      0xb8c ./src/MCAL/GPIO/GPIO.o
 .debug_loc     0x000025d8       0x21 ./src/MCAL/ADC/ACD.o
 .debug_loc     0x000025f9      0x108 ./src/HAL/Motor_Driver/HMotor_Prog.o
 .debug_loc     0x00002701       0x3f ./src/HAL/LM35/LM35.o
 .debug_loc     0x00002740      0x65e ./src/HAL/LCD/LCD.o
 .debug_loc     0x00002d9e       0x89 ./src/main.o

.debug_macinfo
 *(.debug_macinfo)

.debug_weaknames
 *(.debug_weaknames)

.debug_funcnames
 *(.debug_funcnames)

.debug_typenames
 *(.debug_typenames)

.debug_varnames
 *(.debug_varnames)
OUTPUT(Micro1.elf elf32-littlearm)

.debug_ranges   0x00000000      0x648
 .debug_ranges  0x00000000       0xb0 ./system/src/stm32f4-hal/stm32f4xx_hal.o
 .debug_ranges  0x000000b0       0xe8 ./system/src/stm32f4-hal/stm32f4xx_hal_cortex.o
 .debug_ranges  0x00000198       0x78 ./system/src/stm32f4-hal/stm32f4xx_hal_rcc.o
 .debug_ranges  0x00000210       0x18 ./system/src/newlib/_exit.o
 .debug_ranges  0x00000228       0x10 ./system/src/newlib/_sbrk.o
 .debug_ranges  0x00000238       0x90 ./system/src/newlib/_startup.o
 .debug_ranges  0x000002c8       0x20 ./system/src/newlib/_syscalls.o
 .debug_ranges  0x000002e8       0x18 ./system/src/newlib/assert.o
 .debug_ranges  0x00000300       0x28 ./system/src/diag/Trace.o
 .debug_ranges  0x00000328       0x50 ./system/src/diag/trace_impl.o
 .debug_ranges  0x00000378       0x18 ./system/src/cortexm/_initialize_hardware.o
 .debug_ranges  0x00000390       0x80 ./system/src/cortexm/exception_handlers.o
 .debug_ranges  0x00000410       0x18 ./system/src/cmsis/system_stm32f4xx.o
 .debug_ranges  0x00000428       0x10 ./system/src/cmsis/vectors_stm32f401xc.o
 .debug_ranges  0x00000438       0x40 ./src/MCAL/UART/UART.o
 .debug_ranges  0x00000478       0x58 ./src/MCAL/SYSTICK/SYSTICK.o
 .debug_ranges  0x000004d0       0x58 ./src/MCAL/RCC/RCC.o
 .debug_ranges  0x00000528       0x50 ./src/MCAL/GPIO/GPIO.o
 .debug_ranges  0x00000578       0x18 ./src/MCAL/ADC/ACD.o
 .debug_ranges  0x00000590       0x18 ./src/HAL/Motor_Driver/HMotor_Prog.o
 .debug_ranges  0x000005a8       0x10 ./src/HAL/LM35/LM35.o
 .debug_ranges  0x000005b8       0x40 ./src/HAL/LCD/LCD.o
 .debug_ranges  0x000005f8       0x18 ./src/_initialize_hardware.o
 .debug_ranges  0x00000610       0x10 ./src/main.o
 .debug_ranges  0x00000620       0x28 ./src/stm32f4xx_hal_msp.o

.debug_macro    0x00000000    0x1575f
 .debug_macro   0x00000000      0x532 ./system/src/stm32f4-hal/stm32f4xx_hal.o
 .debug_macro   0x00000532      0xa6c ./system/src/stm32f4-hal/stm32f4xx_hal.o
 .debug_macro   0x00000f9e      0x289 ./system/src/stm32f4-hal/stm32f4xx_hal.o
 .debug_macro   0x00001227       0x31 ./system/src/stm32f4-hal/stm32f4xx_hal.o
 .debug_macro   0x00001258       0x28 ./system/src/stm32f4-hal/stm32f4xx_hal.o
 .debug_macro   0x00001280      0x34e ./system/src/stm32f4-hal/stm32f4xx_hal.o
 .debug_macro   0x000015ce       0x35 ./system/src/stm32f4-hal/stm32f4xx_hal.o
 .debug_macro   0x00001603       0x50 ./system/src/stm32f4-hal/stm32f4xx_hal.o
 .debug_macro   0x00001653      0xe66 ./system/src/stm32f4-hal/stm32f4xx_hal.o
 .debug_macro   0x000024b9     0x5099 ./system/src/stm32f4-hal/stm32f4xx_hal.o
 .debug_macro   0x00007552       0x43 ./system/src/stm32f4-hal/stm32f4xx_hal.o
 .debug_macro   0x00007595     0x347f ./system/src/stm32f4-hal/stm32f4xx_hal.o
 .debug_macro   0x0000aa14       0x22 ./system/src/stm32f4-hal/stm32f4xx_hal.o
 .debug_macro   0x0000aa36       0x52 ./system/src/stm32f4-hal/stm32f4xx_hal.o
 .debug_macro   0x0000aa88       0x17 ./system/src/stm32f4-hal/stm32f4xx_hal.o
 .debug_macro   0x0000aa9f       0x8d ./system/src/stm32f4-hal/stm32f4xx_hal.o
 .debug_macro   0x0000ab2c       0x35 ./system/src/stm32f4-hal/stm32f4xx_hal.o
 .debug_macro   0x0000ab61       0x9c ./system/src/stm32f4-hal/stm32f4xx_hal.o
 .debug_macro   0x0000abfd       0x16 ./system/src/stm32f4-hal/stm32f4xx_hal.o
 .debug_macro   0x0000ac13       0x57 ./system/src/stm32f4-hal/stm32f4xx_hal.o
 .debug_macro   0x0000ac6a       0x97 ./system/src/stm32f4-hal/stm32f4xx_hal.o
 .debug_macro   0x0000ad01      0x330 ./system/src/stm32f4-hal/stm32f4xx_hal.o
 .debug_macro   0x0000b031       0xfd ./system/src/stm32f4-hal/stm32f4xx_hal.o
 .debug_macro   0x0000b12e       0x10 ./system/src/stm32f4-hal/stm32f4xx_hal.o
 .debug_macro   0x0000b13e       0x58 ./system/src/stm32f4-hal/stm32f4xx_hal.o
 .debug_macro   0x0000b196       0x1f ./system/src/stm32f4-hal/stm32f4xx_hal.o
 .debug_macro   0x0000b1b5       0x43 ./system/src/stm32f4-hal/stm32f4xx_hal.o
 .debug_macro   0x0000b1f8       0x20 ./system/src/stm32f4-hal/stm32f4xx_hal.o
 .debug_macro   0x0000b218      0x18e ./system/src/stm32f4-hal/stm32f4xx_hal.o
 .debug_macro   0x0000b3a6       0x10 ./system/src/stm32f4-hal/stm32f4xx_hal.o
 .debug_macro   0x0000b3b6       0x6a ./system/src/stm32f4-hal/stm32f4xx_hal.o
 .debug_macro   0x0000b420       0x1c ./system/src/stm32f4-hal/stm32f4xx_hal.o
 .debug_macro   0x0000b43c       0x52 ./system/src/stm32f4-hal/stm32f4xx_hal.o
 .debug_macro   0x0000b48e       0x40 ./system/src/stm32f4-hal/stm32f4xx_hal.o
 .debug_macro   0x0000b4ce       0x10 ./system/src/stm32f4-hal/stm32f4xx_hal.o
 .debug_macro   0x0000b4de       0x40 ./system/src/stm32f4-hal/stm32f4xx_hal.o
 .debug_macro   0x0000b51e       0xd7 ./system/src/stm32f4-hal/stm32f4xx_hal.o
 .debug_macro   0x0000b5f5       0x1c ./system/src/stm32f4-hal/stm32f4xx_hal.o
 .debug_macro   0x0000b611       0x3d ./system/src/stm32f4-hal/stm32f4xx_hal.o
 .debug_macro   0x0000b64e       0x16 ./system/src/stm32f4-hal/stm32f4xx_hal.o
 .debug_macro   0x0000b664      0x16f ./system/src/stm32f4-hal/stm32f4xx_hal.o
 .debug_macro   0x0000b7d3       0x57 ./system/src/stm32f4-hal/stm32f4xx_hal.o
 .debug_macro   0x0000b82a      0x424 ./system/src/stm32f4-hal/stm32f4xx_hal.o
 .debug_macro   0x0000bc4e      0x9e1 ./system/src/stm32f4-hal/stm32f4xx_hal.o
 .debug_macro   0x0000c62f      0x11e ./system/src/stm32f4-hal/stm32f4xx_hal.o
 .debug_macro   0x0000c74d       0xf8 ./system/src/stm32f4-hal/stm32f4xx_hal.o
 .debug_macro   0x0000c845       0x27 ./system/src/stm32f4-hal/stm32f4xx_hal.o
 .debug_macro   0x0000c86c      0x287 ./system/src/stm32f4-hal/stm32f4xx_hal.o
 .debug_macro   0x0000caf3       0x5f ./system/src/stm32f4-hal/stm32f4xx_hal.o
 .debug_macro   0x0000cb52      0x23a ./system/src/stm32f4-hal/stm32f4xx_hal.o
 .debug_macro   0x0000cd8c      0x391 ./system/src/stm32f4-hal/stm32f4xx_hal.o
 .debug_macro   0x0000d11d      0x16f ./system/src/stm32f4-hal/stm32f4xx_hal.o
 .debug_macro   0x0000d28c       0xf9 ./system/src/stm32f4-hal/stm32f4xx_hal.o
 .debug_macro   0x0000d385       0x23 ./system/src/stm32f4-hal/stm32f4xx_hal.o
 .debug_macro   0x0000d3a8      0x13a ./system/src/stm32f4-hal/stm32f4xx_hal.o
 .debug_macro   0x0000d4e2      0x23a ./system/src/stm32f4-hal/stm32f4xx_hal.o
 .debug_macro   0x0000d71c       0x2e ./system/src/stm32f4-hal/stm32f4xx_hal.o
 .debug_macro   0x0000d74a      0x1a7 ./system/src/stm32f4-hal/stm32f4xx_hal.o
 .debug_macro   0x0000d8f1       0x22 ./system/src/stm32f4-hal/stm32f4xx_hal.o
 .debug_macro   0x0000d913       0xa5 ./system/src/stm32f4-hal/stm32f4xx_hal.o
 .debug_macro   0x0000d9b8      0x18b ./system/src/stm32f4-hal/stm32f4xx_hal.o
 .debug_macro   0x0000db43       0x24 ./system/src/stm32f4-hal/stm32f4xx_hal.o
 .debug_macro   0x0000db67       0x35 ./system/src/stm32f4-hal/stm32f4xx_hal.o
 .debug_macro   0x0000db9c       0x79 ./system/src/stm32f4-hal/stm32f4xx_hal.o
 .debug_macro   0x0000dc15      0x11e ./system/src/stm32f4-hal/stm32f4xx_hal.o
 .debug_macro   0x0000dd33       0x85 ./system/src/stm32f4-hal/stm32f4xx_hal.o
 .debug_macro   0x0000ddb8       0x89 ./system/src/stm32f4-hal/stm32f4xx_hal.o
 .debug_macro   0x0000de41      0x31a ./system/src/stm32f4-hal/stm32f4xx_hal.o
 .debug_macro   0x0000e15b      0x409 ./system/src/stm32f4-hal/stm32f4xx_hal.o
 .debug_macro   0x0000e564       0xe4 ./system/src/stm32f4-hal/stm32f4xx_hal.o
 .debug_macro   0x0000e648      0x48d ./system/src/stm32f4-hal/stm32f4xx_hal.o
 .debug_macro   0x0000ead5      0x22b ./system/src/stm32f4-hal/stm32f4xx_hal.o
 .debug_macro   0x0000ed00      0x202 ./system/src/stm32f4-hal/stm32f4xx_hal.o
 .debug_macro   0x0000ef02      0x6d9 ./system/src/stm32f4-hal/stm32f4xx_hal.o
 .debug_macro   0x0000f5db       0x5b ./system/src/stm32f4-hal/stm32f4xx_hal.o
 .debug_macro   0x0000f636      0x14d ./system/src/stm32f4-hal/stm32f4xx_hal.o
 .debug_macro   0x0000f783      0x287 ./system/src/stm32f4-hal/stm32f4xx_hal.o
 .debug_macro   0x0000fa0a      0x225 ./system/src/stm32f4-hal/stm32f4xx_hal.o
 .debug_macro   0x0000fc2f      0x1b5 ./system/src/stm32f4-hal/stm32f4xx_hal.o
 .debug_macro   0x0000fde4      0x2db ./system/src/stm32f4-hal/stm32f4xx_hal.o
 .debug_macro   0x000100bf       0x89 ./system/src/stm32f4-hal/stm32f4xx_hal.o
 .debug_macro   0x00010148      0x1df ./system/src/stm32f4-hal/stm32f4xx_hal.o
 .debug_macro   0x00010327      0x115 ./system/src/stm32f4-hal/stm32f4xx_hal.o
 .debug_macro   0x0001043c       0x6e ./system/src/stm32f4-hal/stm32f4xx_hal.o
 .debug_macro   0x000104aa      0x11e ./system/src/stm32f4-hal/stm32f4xx_hal.o
 .debug_macro   0x000105c8      0x4e4 ./system/src/stm32f4-hal/stm32f4xx_hal_cortex.o
 .debug_macro   0x00010aac      0x50e ./system/src/stm32f4-hal/stm32f4xx_hal_rcc.o
 .debug_macro   0x00010fba      0x1b4 ./system/src/newlib/_exit.o
 .debug_macro   0x0001116e      0x10e ./system/src/newlib/_exit.o
 .debug_macro   0x0001127c       0x8d ./system/src/newlib/_exit.o
 .debug_macro   0x00011309       0x35 ./system/src/newlib/_exit.o
 .debug_macro   0x0001133e      0x169 ./system/src/newlib/_sbrk.o
 .debug_macro   0x000114a7      0x174 ./system/src/newlib/_sbrk.o
 .debug_macro   0x0001161b       0x10 ./system/src/newlib/_sbrk.o
 .debug_macro   0x0001162b      0x23b ./system/src/newlib/_sbrk.o
 .debug_macro   0x00011866      0x173 ./system/src/newlib/_startup.o
 .debug_macro   0x000119d9      0xa72 ./system/src/newlib/_startup.o
 .debug_macro   0x0001244b      0x217 ./system/src/newlib/_syscalls.o
 .debug_macro   0x00012662       0x1c ./system/src/newlib/_syscalls.o
 .debug_macro   0x0001267e       0x10 ./system/src/newlib/_syscalls.o
 .debug_macro   0x0001268e       0x10 ./system/src/newlib/_syscalls.o
 .debug_macro   0x0001269e       0x10 ./system/src/newlib/_syscalls.o
 .debug_macro   0x000126ae       0x35 ./system/src/newlib/_syscalls.o
 .debug_macro   0x000126e3      0x122 ./system/src/newlib/_syscalls.o
 .debug_macro   0x00012805       0x88 ./system/src/newlib/_syscalls.o
 .debug_macro   0x0001288d       0x2b ./system/src/newlib/_syscalls.o
 .debug_macro   0x000128b8      0x118 ./system/src/newlib/_syscalls.o
 .debug_macro   0x000129d0      0x189 ./system/src/newlib/_syscalls.o
 .debug_macro   0x00012b59       0x16 ./system/src/newlib/_syscalls.o
 .debug_macro   0x00012b6f      0x1d0 ./system/src/newlib/assert.o
 .debug_macro   0x00012d3f       0x1c ./system/src/newlib/assert.o
 .debug_macro   0x00012d5b      0x1fb ./system/src/diag/Trace.o
 .debug_macro   0x00012f56       0x4c ./system/src/diag/Trace.o
 .debug_macro   0x00012fa2       0x16 ./system/src/diag/Trace.o
 .debug_macro   0x00012fb8      0x52a ./system/src/diag/trace_impl.o
 .debug_macro   0x000134e2       0x22 ./system/src/diag/trace_impl.o
 .debug_macro   0x00013504      0x4ee ./system/src/cortexm/_initialize_hardware.o
 .debug_macro   0x000139f2      0x557 ./system/src/cortexm/exception_handlers.o
 .debug_macro   0x00013f49       0x3b ./system/src/cortexm/exception_handlers.o
 .debug_macro   0x00013f84      0x4ea ./system/src/cmsis/system_stm32f4xx.o
 .debug_macro   0x0001446e       0x34 ./system/src/cmsis/vectors_stm32f401xc.o
 .debug_macro   0x000144a2       0x3f ./src/MCAL/UART/UART.o
 .debug_macro   0x000144e1       0x10 ./src/MCAL/UART/UART.o
 .debug_macro   0x000144f1       0x28 ./src/MCAL/UART/UART.o
 .debug_macro   0x00014519       0x16 ./src/MCAL/UART/UART.o
 .debug_macro   0x0001452f       0xd0 ./src/MCAL/UART/UART.o
 .debug_macro   0x000145ff       0x3f ./src/MCAL/SYSTICK/SYSTICK.o
 .debug_macro   0x0001463e       0x22 ./src/MCAL/SYSTICK/SYSTICK.o
 .debug_macro   0x00014660       0x10 ./src/MCAL/SYSTICK/SYSTICK.o
 .debug_macro   0x00014670       0x45 ./src/MCAL/RCC/RCC.o
 .debug_macro   0x000146b5      0x13f ./src/MCAL/RCC/RCC.o
 .debug_macro   0x000147f4       0x2e ./src/MCAL/RCC/RCC.o
 .debug_macro   0x00014822       0x40 ./src/MCAL/GPIO/GPIO.o
 .debug_macro   0x00014862      0x15a ./src/MCAL/GPIO/GPIO.o
 .debug_macro   0x000149bc       0x8a ./src/MCAL/ADC/ACD.o
 .debug_macro   0x00014a46       0x5e ./src/MCAL/ADC/ACD.o
 .debug_macro   0x00014aa4       0x1c ./src/MCAL/ADC/ACD.o
 .debug_macro   0x00014ac0       0x16 ./src/MCAL/ADC/ACD.o
 .debug_macro   0x00014ad6       0x3b ./src/HAL/Motor_Driver/HMotor_Prog.o
 .debug_macro   0x00014b11       0x57 ./src/HAL/LM35/LM35.o
 .debug_macro   0x00014b68       0x16 ./src/HAL/LM35/LM35.o
 .debug_macro   0x00014b7e       0x6a ./src/HAL/LCD/LCD.o
 .debug_macro   0x00014be8       0x10 ./src/HAL/LCD/LCD.o
 .debug_macro   0x00014bf8       0x28 ./src/HAL/LCD/LCD.o
 .debug_macro   0x00014c20       0x6a ./src/HAL/LCD/LCD.o
 .debug_macro   0x00014c8a       0x43 ./src/HAL/LCD/LCD_cfg.o
 .debug_macro   0x00014ccd      0x4e4 ./src/_initialize_hardware.o
 .debug_macro   0x000151b1       0xca ./src/main.o
 .debug_macro   0x0001527b      0x4e4 ./src/stm32f4xx_hal_msp.o
